--------------------------------------------------------------------------------------
Timing Analyzer Summary
--------------------------------------------------------------------------------------

Type           : Worst-case tsu
Slack          : N/A
Required Time  : None
Actual Time    : 16.633 ns
From           : B_MDR
To             : ripple_counter_256_advanced:inst23|74161:inst|f74161:sub|110
From Clock     : --
To Clock       : START
Failed Paths   : 0

Type           : Worst-case tco
Slack          : N/A
Required Time  : None
Actual Time    : 29.635 ns
From           : register_4x:inst8|register-8_with_CLR:R2|register-4_with_CLR:inst|inst2
To             : LA15
From Clock     : uIR6
To Clock       : --
Failed Paths   : 0

Type           : Worst-case tpd
Slack          : N/A
Required Time  : None
Actual Time    : 26.323 ns
From           : B_MDR
To             : LA15
From Clock     : --
To Clock       : --
Failed Paths   : 0

Type           : Worst-case th
Slack          : N/A
Required Time  : None
Actual Time    : 1.960 ns
From           : S0
To             : register-8_with_CLR:IR|register-4_with_CLR:inst2|inst3
From Clock     : --
To Clock       : uIR6
Failed Paths   : 0

Type           : Clock Setup: 'START'
Slack          : N/A
Required Time  : None
Actual Time    : 25.73 MHz ( period = 38.870 ns )
From           : register_4x:inst8|register-8_with_CLR:R2|register-4_with_CLR:inst|inst2
To             : ripple_counter_256_advanced:inst23|74161:inst|f74161:sub|110
From Clock     : START
To Clock       : START
Failed Paths   : 0

Type           : Clock Setup: 'uIR6'
Slack          : N/A
Required Time  : None
Actual Time    : 78.07 MHz ( period = 12.809 ns )
From           : register_4x:inst8|register-8_with_CLR:R2|register-4_with_CLR:inst|inst2
To             : register_4x:inst8|register-8_with_CLR:R1|register-4_with_CLR:inst2|inst
From Clock     : uIR6
To Clock       : uIR6
Failed Paths   : 0

Type           : Clock Setup: 'uIR5'
Slack          : N/A
Required Time  : None
Actual Time    : 80.47 MHz ( period = 12.427 ns )
From           : register_4x:inst8|register-8_with_CLR:R2|register-4_with_CLR:inst|inst2
To             : register-8_with_CLR:IR|register-4_with_CLR:inst|inst
From Clock     : uIR5
To Clock       : uIR5
Failed Paths   : 0

Type           : Clock Setup: 'uIR4'
Slack          : N/A
Required Time  : None
Actual Time    : 80.47 MHz ( period = 12.427 ns )
From           : register_4x:inst8|register-8_with_CLR:R2|register-4_with_CLR:inst|inst2
To             : register-8_with_CLR:IR|register-4_with_CLR:inst|inst
From Clock     : uIR4
To Clock       : uIR4
Failed Paths   : 0

Type           : Clock Hold: 'uIR4'
Slack          : Not operational: Clock Skew > Data Delay
Required Time  : None
Actual Time    : N/A
From           : register-8_with_CLR:IR|register-4_with_CLR:inst|inst3
To             : register-8_with_CLR:IR|register-4_with_CLR:inst2|inst3
From Clock     : uIR4
To Clock       : uIR4
Failed Paths   : 15

Type           : Clock Hold: 'START'
Slack          : Not operational: Clock Skew > Data Delay
Required Time  : None
Actual Time    : N/A
From           : register-8_with_CLR:IR|register-4_with_CLR:inst|inst3
To             : register-8_with_CLR:IR|register-4_with_CLR:inst2|inst3
From Clock     : START
To Clock       : START
Failed Paths   : 22

Type           : Clock Hold: 'uIR5'
Slack          : Not operational: Clock Skew > Data Delay
Required Time  : None
Actual Time    : N/A
From           : register-8_with_CLR:IR|register-4_with_CLR:inst|inst3
To             : register-8_with_CLR:IR|register-4_with_CLR:inst2|inst3
From Clock     : uIR5
To Clock       : uIR5
Failed Paths   : 15

Type           : Clock Hold: 'uIR6'
Slack          : Not operational: Clock Skew > Data Delay
Required Time  : None
Actual Time    : N/A
From           : register-8_with_CLR:IR|register-4_with_CLR:inst|inst3
To             : register-8_with_CLR:IR|register-4_with_CLR:inst2|inst3
From Clock     : uIR6
To Clock       : uIR6
Failed Paths   : 22

Type           : Total number of failed paths
Slack          : 
Required Time  : 
Actual Time    : 
From           : 
To             : 
From Clock     : 
To Clock       : 
Failed Paths   : 74

--------------------------------------------------------------------------------------

