--------------------------------------------------------------------------------------
Timing Analyzer Summary
--------------------------------------------------------------------------------------

Type           : Worst-case tsu
Slack          : N/A
Required Time  : None
Actual Time    : 19.855 ns
From           : B_R
To             : ripple_counter_256_advanced:inst23|74161:inst|f74161:sub|87
From Clock     : --
To Clock       : START
Failed Paths   : 0

Type           : Worst-case tco
Slack          : N/A
Required Time  : None
Actual Time    : 30.903 ns
From           : register_4x:inst8|register-8_with_CLR:R2|register-4_with_CLR:inst|inst2
To             : LA15
From Clock     : uIR5
To Clock       : --
Failed Paths   : 0

Type           : Worst-case tpd
Slack          : N/A
Required Time  : None
Actual Time    : 26.918 ns
From           : B_R
To             : LA15
From Clock     : --
To Clock       : --
Failed Paths   : 0

Type           : Worst-case th
Slack          : N/A
Required Time  : None
Actual Time    : 3.813 ns
From           : C0
To             : register-8_with_CLR:MAR|register-4_with_CLR:inst|inst3
From Clock     : --
To Clock       : uIR5
Failed Paths   : 0

Type           : Clock Setup: 'START'
Slack          : N/A
Required Time  : None
Actual Time    : 43.59 MHz ( period = 22.939 ns )
From           : register_4x:inst8|register-8_with_CLR:R2|register-4_with_CLR:inst|inst2
To             : ripple_counter_256_advanced:inst23|74161:inst|f74161:sub|87
From Clock     : START
To Clock       : START
Failed Paths   : 0

Type           : Clock Setup: 'uIR6'
Slack          : N/A
Required Time  : None
Actual Time    : 64.07 MHz ( period = 15.607 ns )
From           : register_4x:inst8|register-8_with_CLR:R2|register-4_with_CLR:inst|inst2
To             : register_4x:inst8|register-8_with_CLR:R2|register-4_with_CLR:inst2|inst
From Clock     : uIR6
To Clock       : uIR6
Failed Paths   : 0

Type           : Clock Setup: 'uIR4'
Slack          : N/A
Required Time  : None
Actual Time    : 66.05 MHz ( period = 15.139 ns )
From           : register_4x:inst8|register-8_with_CLR:R1|register-4_with_CLR:inst|inst
To             : register-8_with_CLR:IR|register-4_with_CLR:inst2|inst1
From Clock     : uIR4
To Clock       : uIR4
Failed Paths   : 0

Type           : Clock Setup: 'uIR5'
Slack          : N/A
Required Time  : None
Actual Time    : 66.05 MHz ( period = 15.139 ns )
From           : register_4x:inst8|register-8_with_CLR:R1|register-4_with_CLR:inst|inst
To             : register-8_with_CLR:IR|register-4_with_CLR:inst2|inst1
From Clock     : uIR5
To Clock       : uIR5
Failed Paths   : 0

Type           : Clock Hold: 'START'
Slack          : Not operational: Clock Skew > Data Delay
Required Time  : None
Actual Time    : N/A
From           : register_4x:inst8|register-8_with_CLR:R0|register-4_with_CLR:inst|inst1
To             : register-8_with_CLR:IR|register-4_with_CLR:inst|inst
From Clock     : START
To Clock       : START
Failed Paths   : 14

Type           : Clock Hold: 'uIR6'
Slack          : Not operational: Clock Skew > Data Delay
Required Time  : None
Actual Time    : N/A
From           : register-8_with_CLR:IR|register-4_with_CLR:inst|inst3
To             : register-8_with_CLR:IR|register-4_with_CLR:inst|inst
From Clock     : uIR6
To Clock       : uIR6
Failed Paths   : 13

Type           : Clock Hold: 'uIR5'
Slack          : Not operational: Clock Skew > Data Delay
Required Time  : None
Actual Time    : N/A
From           : register-8_with_CLR:IR|register-4_with_CLR:inst|inst3
To             : register-8_with_CLR:IR|register-4_with_CLR:inst|inst
From Clock     : uIR5
To Clock       : uIR5
Failed Paths   : 8

Type           : Clock Hold: 'uIR4'
Slack          : Not operational: Clock Skew > Data Delay
Required Time  : None
Actual Time    : N/A
From           : register-8_with_CLR:IR|register-4_with_CLR:inst|inst3
To             : register-8_with_CLR:IR|register-4_with_CLR:inst|inst
From Clock     : uIR4
To Clock       : uIR4
Failed Paths   : 5

Type           : Total number of failed paths
Slack          : 
Required Time  : 
Actual Time    : 
From           : 
To             : 
From Clock     : 
To Clock       : 
Failed Paths   : 40

--------------------------------------------------------------------------------------

