--------------------------------------------------------------------------------------
Timing Analyzer Summary
--------------------------------------------------------------------------------------

Type           : Worst-case tsu
Slack          : N/A
Required Time  : None
Actual Time    : 17.979 ns
From           : B_R
To             : ripple_counter_256_advanced:inst23|74161:inst|f74161:sub|99
From Clock     : --
To Clock       : START
Failed Paths   : 0

Type           : Worst-case tco
Slack          : N/A
Required Time  : None
Actual Time    : 27.256 ns
From           : register_4x:inst8|register-8_with_CLR:R0|register-4_with_CLR:inst|inst1
To             : LA15
From Clock     : uIR6
To Clock       : --
Failed Paths   : 0

Type           : Worst-case tpd
Slack          : N/A
Required Time  : None
Actual Time    : 26.564 ns
From           : B_R
To             : LA15
From Clock     : --
To Clock       : --
Failed Paths   : 0

Type           : Worst-case th
Slack          : N/A
Required Time  : None
Actual Time    : 2.017 ns
From           : C0
To             : register_4x:inst8|register-8_with_CLR:R0|register-4_with_CLR:inst|inst3
From Clock     : --
To Clock       : uIR6
Failed Paths   : 0

Type           : Clock Setup: 'START'
Slack          : N/A
Required Time  : None
Actual Time    : 56.68 MHz ( period = 17.644 ns )
From           : register_4x:inst8|register-8_with_CLR:R0|register-4_with_CLR:inst|inst1
To             : ripple_counter_256_advanced:inst23|74161:inst|f74161:sub|99
From Clock     : START
To Clock       : START
Failed Paths   : 0

Type           : Clock Setup: 'uIR4'
Slack          : N/A
Required Time  : None
Actual Time    : 69.70 MHz ( period = 14.348 ns )
From           : register_4x:inst8|register-8_with_CLR:R0|register-4_with_CLR:inst|inst1
To             : register-8_with_CLR:IR|register-4_with_CLR:inst2|inst1
From Clock     : uIR4
To Clock       : uIR4
Failed Paths   : 0

Type           : Clock Setup: 'uIR5'
Slack          : N/A
Required Time  : None
Actual Time    : 69.70 MHz ( period = 14.348 ns )
From           : register_4x:inst8|register-8_with_CLR:R0|register-4_with_CLR:inst|inst1
To             : register-8_with_CLR:IR|register-4_with_CLR:inst2|inst1
From Clock     : uIR5
To Clock       : uIR5
Failed Paths   : 0

Type           : Clock Setup: 'uIR6'
Slack          : N/A
Required Time  : None
Actual Time    : 69.70 MHz ( period = 14.348 ns )
From           : register_4x:inst8|register-8_with_CLR:R0|register-4_with_CLR:inst|inst1
To             : register-8_with_CLR:IR|register-4_with_CLR:inst2|inst1
From Clock     : uIR6
To Clock       : uIR6
Failed Paths   : 0

Type           : Clock Hold: 'uIR6'
Slack          : Not operational: Clock Skew > Data Delay
Required Time  : None
Actual Time    : N/A
From           : register-8_with_CLR:IR|register-4_with_CLR:inst|inst2
To             : register_4x:inst8|register-8_with_CLR:R0|register-4_with_CLR:inst|inst3
From Clock     : uIR6
To Clock       : uIR6
Failed Paths   : 14

Type           : Clock Hold: 'uIR5'
Slack          : Not operational: Clock Skew > Data Delay
Required Time  : None
Actual Time    : N/A
From           : register-8_with_CLR:IR|register-4_with_CLR:inst|inst2
To             : register_4x:inst8|register-8_with_CLR:R0|register-4_with_CLR:inst|inst3
From Clock     : uIR5
To Clock       : uIR5
Failed Paths   : 11

Type           : Clock Hold: 'START'
Slack          : Not operational: Clock Skew > Data Delay
Required Time  : None
Actual Time    : N/A
From           : register-8_with_CLR:IR|register-4_with_CLR:inst|inst2
To             : register_4x:inst8|register-8_with_CLR:R0|register-4_with_CLR:inst|inst3
From Clock     : START
To Clock       : START
Failed Paths   : 12

Type           : Clock Hold: 'uIR4'
Slack          : Not operational: Clock Skew > Data Delay
Required Time  : None
Actual Time    : N/A
From           : register-8_with_CLR:IR|register-4_with_CLR:inst|inst2
To             : register_4x:inst8|register-8_with_CLR:R0|register-4_with_CLR:inst|inst3
From Clock     : uIR4
To Clock       : uIR4
Failed Paths   : 12

Type           : Total number of failed paths
Slack          : 
Required Time  : 
Actual Time    : 
From           : 
To             : 
From Clock     : 
To Clock       : 
Failed Paths   : 49

--------------------------------------------------------------------------------------

