Classic Timing Analyzer report for register_4x
Sat Apr 27 13:16:29 2024
Quartus II Version 8.1 Build 163 10/28/2008 SJ Web Edition


---------------------
; Table of Contents ;
---------------------
  1. Legal Notice
  2. Timing Analyzer Summary
  3. Timing Analyzer Settings
  4. Clock Settings Summary
  5. tsu
  6. tco
  7. tpd
  8. th
  9. Timing Analyzer Messages



----------------
; Legal Notice ;
----------------
Copyright (C) 1991-2008 Altera Corporation
Your use of Altera Corporation's design tools, logic functions 
and other software and tools, and its AMPP partner logic 
functions, and any output files from any of the foregoing 
(including device programming or simulation files), and any 
associated documentation or information are expressly subject 
to the terms and conditions of the Altera Program License 
Subscription Agreement, Altera MegaCore Function License 
Agreement, or other applicable license agreement, including, 
without limitation, that your use is for the sole purpose of 
programming logic devices manufactured by Altera and sold by 
Altera or its authorized distributors.  Please refer to the 
applicable agreement for further details.



+---------------------------------------------------------------------------------------------------------------------------------------------------------------------------------------------------------------------------+
; Timing Analyzer Summary                                                                                                                                                                                                   ;
+------------------------------+-------+---------------+-------------+------------------------------------------------------+--------------------------------------------------------+------------+----------+--------------+
; Type                         ; Slack ; Required Time ; Actual Time ; From                                                 ; To                                                     ; From Clock ; To Clock ; Failed Paths ;
+------------------------------+-------+---------------+-------------+------------------------------------------------------+--------------------------------------------------------+------------+----------+--------------+
; Worst-case tsu               ; N/A   ; None          ; 3.809 ns    ; REGIN4                                               ; register-8_with_CLR:R2|register-4_with_CLR:inst2|inst3 ; --         ; IR0      ; 0            ;
; Worst-case tco               ; N/A   ; None          ; 14.949 ns   ; register-8_with_CLR:R1|register-4_with_CLR:inst|inst ; REGQ1_3                                                ; IR1        ; --       ; 0            ;
; Worst-case tpd               ; N/A   ; None          ; 16.916 ns   ; OUT_IR1                                              ; REGQ1_3                                                ; --         ; --       ; 0            ;
; Worst-case th                ; N/A   ; None          ; -0.995 ns   ; REGIN1                                               ; register-8_with_CLR:R0|register-4_with_CLR:inst|inst2  ; --         ; PC       ; 0            ;
; Total number of failed paths ;       ;               ;             ;                                                      ;                                                        ;            ;          ; 0            ;
+------------------------------+-------+---------------+-------------+------------------------------------------------------+--------------------------------------------------------+------------+----------+--------------+


+--------------------------------------------------------------------------------------------------------------------+
; Timing Analyzer Settings                                                                                           ;
+---------------------------------------------------------------------+--------------------+------+----+-------------+
; Option                                                              ; Setting            ; From ; To ; Entity Name ;
+---------------------------------------------------------------------+--------------------+------+----+-------------+
; Device Name                                                         ; EP2C8Q208C8        ;      ;    ;             ;
; Timing Models                                                       ; Final              ;      ;    ;             ;
; Default hold multicycle                                             ; Same as Multicycle ;      ;    ;             ;
; Cut paths between unrelated clock domains                           ; On                 ;      ;    ;             ;
; Cut off read during write signal paths                              ; On                 ;      ;    ;             ;
; Cut off feedback from I/O pins                                      ; On                 ;      ;    ;             ;
; Report Combined Fast/Slow Timing                                    ; Off                ;      ;    ;             ;
; Ignore Clock Settings                                               ; Off                ;      ;    ;             ;
; Analyze latches as synchronous elements                             ; On                 ;      ;    ;             ;
; Enable Recovery/Removal analysis                                    ; Off                ;      ;    ;             ;
; Enable Clock Latency                                                ; Off                ;      ;    ;             ;
; Use TimeQuest Timing Analyzer                                       ; Off                ;      ;    ;             ;
; Minimum Core Junction Temperature                                   ; 0                  ;      ;    ;             ;
; Maximum Core Junction Temperature                                   ; 85                 ;      ;    ;             ;
; Number of source nodes to report per destination node               ; 10                 ;      ;    ;             ;
; Number of destination nodes to report                               ; 10                 ;      ;    ;             ;
; Number of paths to report                                           ; 200                ;      ;    ;             ;
; Report Minimum Timing Checks                                        ; Off                ;      ;    ;             ;
; Use Fast Timing Models                                              ; Off                ;      ;    ;             ;
; Report IO Paths Separately                                          ; Off                ;      ;    ;             ;
; Perform Multicorner Analysis                                        ; On                 ;      ;    ;             ;
; Reports the worst-case path for each clock domain and analysis      ; Off                ;      ;    ;             ;
; Removes common clock path pessimism (CCPP) during slack computation ; Off                ;      ;    ;             ;
; Output I/O Timing Endpoint                                          ; Near End           ;      ;    ;             ;
+---------------------------------------------------------------------+--------------------+------+----+-------------+


+------------------------------------------------------------------------------------------------------------------------------------------------------------------------------------+
; Clock Settings Summary                                                                                                                                                             ;
+-----------------+--------------------+----------+------------------+---------------+--------------+----------+-----------------------+---------------------+--------+--------------+
; Clock Node Name ; Clock Setting Name ; Type     ; Fmax Requirement ; Early Latency ; Late Latency ; Based on ; Multiply Base Fmax by ; Divide Base Fmax by ; Offset ; Phase offset ;
+-----------------+--------------------+----------+------------------+---------------+--------------+----------+-----------------------+---------------------+--------+--------------+
; PC              ;                    ; User Pin ; None             ; 0.000 ns      ; 0.000 ns     ; --       ; N/A                   ; N/A                 ; N/A    ;              ;
; IR0             ;                    ; User Pin ; None             ; 0.000 ns      ; 0.000 ns     ; --       ; N/A                   ; N/A                 ; N/A    ;              ;
; CPR             ;                    ; User Pin ; None             ; 0.000 ns      ; 0.000 ns     ; --       ; N/A                   ; N/A                 ; N/A    ;              ;
; IR1             ;                    ; User Pin ; None             ; 0.000 ns      ; 0.000 ns     ; --       ; N/A                   ; N/A                 ; N/A    ;              ;
; CPACC           ;                    ; User Pin ; None             ; 0.000 ns      ; 0.000 ns     ; --       ; N/A                   ; N/A                 ; N/A    ;              ;
+-----------------+--------------------+----------+------------------+---------------+--------------+----------+-----------------------+---------------------+--------+--------------+


+----------------------------------------------------------------------------------------------------------------+
; tsu                                                                                                            ;
+-------+--------------+------------+--------+--------------------------------------------------------+----------+
; Slack ; Required tsu ; Actual tsu ; From   ; To                                                     ; To Clock ;
+-------+--------------+------------+--------+--------------------------------------------------------+----------+
; N/A   ; None         ; 3.809 ns   ; REGIN4 ; register-8_with_CLR:R2|register-4_with_CLR:inst2|inst3 ; IR0      ;
; N/A   ; None         ; 3.785 ns   ; REGIN2 ; register-8_with_CLR:R1|register-4_with_CLR:inst|inst1  ; IR0      ;
; N/A   ; None         ; 3.746 ns   ; REGIN4 ; register-8_with_CLR:R1|register-4_with_CLR:inst2|inst3 ; IR0      ;
; N/A   ; None         ; 3.743 ns   ; REGIN4 ; register-8_with_CLR:R3|register-4_with_CLR:inst2|inst3 ; IR0      ;
; N/A   ; None         ; 3.726 ns   ; REGIN2 ; register-8_with_CLR:R2|register-4_with_CLR:inst|inst1  ; IR0      ;
; N/A   ; None         ; 3.694 ns   ; REGIN4 ; register-8_with_CLR:R2|register-4_with_CLR:inst2|inst3 ; CPR      ;
; N/A   ; None         ; 3.668 ns   ; REGIN2 ; register-8_with_CLR:R1|register-4_with_CLR:inst|inst1  ; CPR      ;
; N/A   ; None         ; 3.629 ns   ; REGIN4 ; register-8_with_CLR:R1|register-4_with_CLR:inst2|inst3 ; CPR      ;
; N/A   ; None         ; 3.617 ns   ; REGIN4 ; register-8_with_CLR:R3|register-4_with_CLR:inst2|inst3 ; CPR      ;
; N/A   ; None         ; 3.611 ns   ; REGIN2 ; register-8_with_CLR:R2|register-4_with_CLR:inst|inst1  ; CPR      ;
; N/A   ; None         ; 3.601 ns   ; REGIN4 ; register-8_with_CLR:R0|register-4_with_CLR:inst2|inst3 ; IR0      ;
; N/A   ; None         ; 3.561 ns   ; REGIN2 ; register-8_with_CLR:R3|register-4_with_CLR:inst|inst1  ; IR0      ;
; N/A   ; None         ; 3.556 ns   ; REGIN4 ; register-8_with_CLR:R0|register-4_with_CLR:inst2|inst3 ; CPACC    ;
; N/A   ; None         ; 3.435 ns   ; REGIN2 ; register-8_with_CLR:R3|register-4_with_CLR:inst|inst1  ; CPR      ;
; N/A   ; None         ; 3.378 ns   ; REGIN4 ; register-8_with_CLR:R0|register-4_with_CLR:inst2|inst3 ; IR1      ;
; N/A   ; None         ; 3.317 ns   ; REGIN4 ; register-8_with_CLR:R2|register-4_with_CLR:inst2|inst3 ; PC       ;
; N/A   ; None         ; 3.290 ns   ; REGIN2 ; register-8_with_CLR:R1|register-4_with_CLR:inst|inst1  ; PC       ;
; N/A   ; None         ; 3.251 ns   ; REGIN4 ; register-8_with_CLR:R1|register-4_with_CLR:inst2|inst3 ; PC       ;
; N/A   ; None         ; 3.249 ns   ; REGIN4 ; register-8_with_CLR:R3|register-4_with_CLR:inst2|inst3 ; PC       ;
; N/A   ; None         ; 3.234 ns   ; REGIN2 ; register-8_with_CLR:R2|register-4_with_CLR:inst|inst1  ; PC       ;
; N/A   ; None         ; 3.087 ns   ; REGIN7 ; register-8_with_CLR:R2|register-4_with_CLR:inst2|inst  ; IR0      ;
; N/A   ; None         ; 3.067 ns   ; REGIN2 ; register-8_with_CLR:R3|register-4_with_CLR:inst|inst1  ; PC       ;
; N/A   ; None         ; 3.061 ns   ; REGIN5 ; register-8_with_CLR:R2|register-4_with_CLR:inst2|inst2 ; IR0      ;
; N/A   ; None         ; 3.006 ns   ; REGIN6 ; register-8_with_CLR:R2|register-4_with_CLR:inst2|inst1 ; IR0      ;
; N/A   ; None         ; 2.999 ns   ; REGIN4 ; register-8_with_CLR:R0|register-4_with_CLR:inst2|inst3 ; CPR      ;
; N/A   ; None         ; 2.997 ns   ; REGIN0 ; register-8_with_CLR:R2|register-4_with_CLR:inst|inst3  ; IR0      ;
; N/A   ; None         ; 2.992 ns   ; REGIN0 ; register-8_with_CLR:R3|register-4_with_CLR:inst|inst3  ; IR0      ;
; N/A   ; None         ; 2.988 ns   ; REGIN3 ; register-8_with_CLR:R2|register-4_with_CLR:inst|inst   ; IR0      ;
; N/A   ; None         ; 2.982 ns   ; REGIN2 ; register-8_with_CLR:R1|register-4_with_CLR:inst|inst1  ; IR1      ;
; N/A   ; None         ; 2.972 ns   ; REGIN7 ; register-8_with_CLR:R2|register-4_with_CLR:inst2|inst  ; CPR      ;
; N/A   ; None         ; 2.955 ns   ; REGIN2 ; register-8_with_CLR:R0|register-4_with_CLR:inst|inst1  ; IR0      ;
; N/A   ; None         ; 2.951 ns   ; REGIN1 ; register-8_with_CLR:R2|register-4_with_CLR:inst|inst2  ; IR0      ;
; N/A   ; None         ; 2.946 ns   ; REGIN5 ; register-8_with_CLR:R2|register-4_with_CLR:inst2|inst2 ; CPR      ;
; N/A   ; None         ; 2.943 ns   ; REGIN4 ; register-8_with_CLR:R1|register-4_with_CLR:inst2|inst3 ; IR1      ;
; N/A   ; None         ; 2.910 ns   ; REGIN2 ; register-8_with_CLR:R0|register-4_with_CLR:inst|inst1  ; CPACC    ;
; N/A   ; None         ; 2.896 ns   ; REGIN4 ; register-8_with_CLR:R2|register-4_with_CLR:inst2|inst3 ; IR1      ;
; N/A   ; None         ; 2.891 ns   ; REGIN6 ; register-8_with_CLR:R2|register-4_with_CLR:inst2|inst1 ; CPR      ;
; N/A   ; None         ; 2.882 ns   ; REGIN0 ; register-8_with_CLR:R2|register-4_with_CLR:inst|inst3  ; CPR      ;
; N/A   ; None         ; 2.879 ns   ; REGIN7 ; register-8_with_CLR:R0|register-4_with_CLR:inst2|inst  ; IR0      ;
; N/A   ; None         ; 2.873 ns   ; REGIN3 ; register-8_with_CLR:R2|register-4_with_CLR:inst|inst   ; CPR      ;
; N/A   ; None         ; 2.866 ns   ; REGIN0 ; register-8_with_CLR:R3|register-4_with_CLR:inst|inst3  ; CPR      ;
; N/A   ; None         ; 2.853 ns   ; REGIN5 ; register-8_with_CLR:R0|register-4_with_CLR:inst2|inst2 ; IR0      ;
; N/A   ; None         ; 2.836 ns   ; REGIN1 ; register-8_with_CLR:R2|register-4_with_CLR:inst|inst2  ; CPR      ;
; N/A   ; None         ; 2.834 ns   ; REGIN7 ; register-8_with_CLR:R0|register-4_with_CLR:inst2|inst  ; CPACC    ;
; N/A   ; None         ; 2.825 ns   ; REGIN4 ; register-8_with_CLR:R3|register-4_with_CLR:inst2|inst3 ; IR1      ;
; N/A   ; None         ; 2.813 ns   ; REGIN2 ; register-8_with_CLR:R2|register-4_with_CLR:inst|inst1  ; IR1      ;
; N/A   ; None         ; 2.808 ns   ; REGIN5 ; register-8_with_CLR:R0|register-4_with_CLR:inst2|inst2 ; CPACC    ;
; N/A   ; None         ; 2.797 ns   ; REGIN6 ; register-8_with_CLR:R0|register-4_with_CLR:inst2|inst1 ; IR0      ;
; N/A   ; None         ; 2.779 ns   ; REGIN3 ; register-8_with_CLR:R0|register-4_with_CLR:inst|inst   ; IR0      ;
; N/A   ; None         ; 2.752 ns   ; REGIN6 ; register-8_with_CLR:R0|register-4_with_CLR:inst2|inst1 ; CPACC    ;
; N/A   ; None         ; 2.745 ns   ; REGIN7 ; register-8_with_CLR:R3|register-4_with_CLR:inst2|inst  ; IR0      ;
; N/A   ; None         ; 2.744 ns   ; REGIN7 ; register-8_with_CLR:R1|register-4_with_CLR:inst2|inst  ; IR0      ;
; N/A   ; None         ; 2.734 ns   ; REGIN3 ; register-8_with_CLR:R0|register-4_with_CLR:inst|inst   ; CPACC    ;
; N/A   ; None         ; 2.732 ns   ; REGIN2 ; register-8_with_CLR:R0|register-4_with_CLR:inst|inst1  ; IR1      ;
; N/A   ; None         ; 2.700 ns   ; REGIN5 ; register-8_with_CLR:R3|register-4_with_CLR:inst2|inst2 ; IR0      ;
; N/A   ; None         ; 2.700 ns   ; REGIN5 ; register-8_with_CLR:R1|register-4_with_CLR:inst2|inst2 ; IR0      ;
; N/A   ; None         ; 2.656 ns   ; REGIN7 ; register-8_with_CLR:R0|register-4_with_CLR:inst2|inst  ; IR1      ;
; N/A   ; None         ; 2.643 ns   ; REGIN2 ; register-8_with_CLR:R3|register-4_with_CLR:inst|inst1  ; IR1      ;
; N/A   ; None         ; 2.631 ns   ; REGIN4 ; register-8_with_CLR:R0|register-4_with_CLR:inst2|inst3 ; PC       ;
; N/A   ; None         ; 2.630 ns   ; REGIN5 ; register-8_with_CLR:R0|register-4_with_CLR:inst2|inst2 ; IR1      ;
; N/A   ; None         ; 2.627 ns   ; REGIN7 ; register-8_with_CLR:R1|register-4_with_CLR:inst2|inst  ; CPR      ;
; N/A   ; None         ; 2.619 ns   ; REGIN7 ; register-8_with_CLR:R3|register-4_with_CLR:inst2|inst  ; CPR      ;
; N/A   ; None         ; 2.609 ns   ; REGIN0 ; register-8_with_CLR:R1|register-4_with_CLR:inst|inst3  ; IR0      ;
; N/A   ; None         ; 2.604 ns   ; REGIN6 ; register-8_with_CLR:R1|register-4_with_CLR:inst2|inst1 ; IR0      ;
; N/A   ; None         ; 2.603 ns   ; REGIN6 ; register-8_with_CLR:R3|register-4_with_CLR:inst2|inst1 ; IR0      ;
; N/A   ; None         ; 2.600 ns   ; REGIN3 ; register-8_with_CLR:R3|register-4_with_CLR:inst|inst   ; IR0      ;
; N/A   ; None         ; 2.600 ns   ; REGIN1 ; register-8_with_CLR:R1|register-4_with_CLR:inst|inst2  ; IR0      ;
; N/A   ; None         ; 2.599 ns   ; REGIN3 ; register-8_with_CLR:R1|register-4_with_CLR:inst|inst   ; IR0      ;
; N/A   ; None         ; 2.595 ns   ; REGIN7 ; register-8_with_CLR:R2|register-4_with_CLR:inst2|inst  ; PC       ;
; N/A   ; None         ; 2.583 ns   ; REGIN5 ; register-8_with_CLR:R1|register-4_with_CLR:inst2|inst2 ; CPR      ;
; N/A   ; None         ; 2.574 ns   ; REGIN6 ; register-8_with_CLR:R0|register-4_with_CLR:inst2|inst1 ; IR1      ;
; N/A   ; None         ; 2.574 ns   ; REGIN5 ; register-8_with_CLR:R3|register-4_with_CLR:inst2|inst2 ; CPR      ;
; N/A   ; None         ; 2.569 ns   ; REGIN5 ; register-8_with_CLR:R2|register-4_with_CLR:inst2|inst2 ; PC       ;
; N/A   ; None         ; 2.556 ns   ; REGIN3 ; register-8_with_CLR:R0|register-4_with_CLR:inst|inst   ; IR1      ;
; N/A   ; None         ; 2.514 ns   ; REGIN6 ; register-8_with_CLR:R2|register-4_with_CLR:inst2|inst1 ; PC       ;
; N/A   ; None         ; 2.505 ns   ; REGIN0 ; register-8_with_CLR:R2|register-4_with_CLR:inst|inst3  ; PC       ;
; N/A   ; None         ; 2.498 ns   ; REGIN0 ; register-8_with_CLR:R3|register-4_with_CLR:inst|inst3  ; PC       ;
; N/A   ; None         ; 2.496 ns   ; REGIN3 ; register-8_with_CLR:R2|register-4_with_CLR:inst|inst   ; PC       ;
; N/A   ; None         ; 2.492 ns   ; REGIN0 ; register-8_with_CLR:R1|register-4_with_CLR:inst|inst3  ; CPR      ;
; N/A   ; None         ; 2.487 ns   ; REGIN6 ; register-8_with_CLR:R1|register-4_with_CLR:inst2|inst1 ; CPR      ;
; N/A   ; None         ; 2.483 ns   ; REGIN1 ; register-8_with_CLR:R1|register-4_with_CLR:inst|inst2  ; CPR      ;
; N/A   ; None         ; 2.482 ns   ; REGIN3 ; register-8_with_CLR:R1|register-4_with_CLR:inst|inst   ; CPR      ;
; N/A   ; None         ; 2.477 ns   ; REGIN6 ; register-8_with_CLR:R3|register-4_with_CLR:inst2|inst1 ; CPR      ;
; N/A   ; None         ; 2.474 ns   ; REGIN3 ; register-8_with_CLR:R3|register-4_with_CLR:inst|inst   ; CPR      ;
; N/A   ; None         ; 2.459 ns   ; REGIN1 ; register-8_with_CLR:R2|register-4_with_CLR:inst|inst2  ; PC       ;
; N/A   ; None         ; 2.418 ns   ; REGIN1 ; register-8_with_CLR:R3|register-4_with_CLR:inst|inst2  ; IR0      ;
; N/A   ; None         ; 2.407 ns   ; REGIN0 ; register-8_with_CLR:R0|register-4_with_CLR:inst|inst3  ; IR0      ;
; N/A   ; None         ; 2.362 ns   ; REGIN0 ; register-8_with_CLR:R0|register-4_with_CLR:inst|inst3  ; CPACC    ;
; N/A   ; None         ; 2.353 ns   ; REGIN2 ; register-8_with_CLR:R0|register-4_with_CLR:inst|inst1  ; CPR      ;
; N/A   ; None         ; 2.292 ns   ; REGIN1 ; register-8_with_CLR:R3|register-4_with_CLR:inst|inst2  ; CPR      ;
; N/A   ; None         ; 2.277 ns   ; REGIN7 ; register-8_with_CLR:R0|register-4_with_CLR:inst2|inst  ; CPR      ;
; N/A   ; None         ; 2.251 ns   ; REGIN7 ; register-8_with_CLR:R3|register-4_with_CLR:inst2|inst  ; PC       ;
; N/A   ; None         ; 2.251 ns   ; REGIN5 ; register-8_with_CLR:R0|register-4_with_CLR:inst2|inst2 ; CPR      ;
; N/A   ; None         ; 2.249 ns   ; REGIN7 ; register-8_with_CLR:R1|register-4_with_CLR:inst2|inst  ; PC       ;
; N/A   ; None         ; 2.231 ns   ; REGIN1 ; register-8_with_CLR:R0|register-4_with_CLR:inst|inst2  ; IR0      ;
; N/A   ; None         ; 2.206 ns   ; REGIN5 ; register-8_with_CLR:R3|register-4_with_CLR:inst2|inst2 ; PC       ;
; N/A   ; None         ; 2.205 ns   ; REGIN5 ; register-8_with_CLR:R1|register-4_with_CLR:inst2|inst2 ; PC       ;
; N/A   ; None         ; 2.195 ns   ; REGIN6 ; register-8_with_CLR:R0|register-4_with_CLR:inst2|inst1 ; CPR      ;
; N/A   ; None         ; 2.186 ns   ; REGIN1 ; register-8_with_CLR:R0|register-4_with_CLR:inst|inst2  ; CPACC    ;
; N/A   ; None         ; 2.184 ns   ; REGIN0 ; register-8_with_CLR:R0|register-4_with_CLR:inst|inst3  ; IR1      ;
; N/A   ; None         ; 2.177 ns   ; REGIN3 ; register-8_with_CLR:R0|register-4_with_CLR:inst|inst   ; CPR      ;
; N/A   ; None         ; 2.174 ns   ; REGIN7 ; register-8_with_CLR:R2|register-4_with_CLR:inst2|inst  ; IR1      ;
; N/A   ; None         ; 2.148 ns   ; REGIN5 ; register-8_with_CLR:R2|register-4_with_CLR:inst2|inst2 ; IR1      ;
; N/A   ; None         ; 2.114 ns   ; REGIN0 ; register-8_with_CLR:R1|register-4_with_CLR:inst|inst3  ; PC       ;
; N/A   ; None         ; 2.109 ns   ; REGIN6 ; register-8_with_CLR:R3|register-4_with_CLR:inst2|inst1 ; PC       ;
; N/A   ; None         ; 2.109 ns   ; REGIN6 ; register-8_with_CLR:R1|register-4_with_CLR:inst2|inst1 ; PC       ;
; N/A   ; None         ; 2.106 ns   ; REGIN3 ; register-8_with_CLR:R3|register-4_with_CLR:inst|inst   ; PC       ;
; N/A   ; None         ; 2.105 ns   ; REGIN1 ; register-8_with_CLR:R1|register-4_with_CLR:inst|inst2  ; PC       ;
; N/A   ; None         ; 2.104 ns   ; REGIN3 ; register-8_with_CLR:R1|register-4_with_CLR:inst|inst   ; PC       ;
; N/A   ; None         ; 2.093 ns   ; REGIN6 ; register-8_with_CLR:R2|register-4_with_CLR:inst2|inst1 ; IR1      ;
; N/A   ; None         ; 2.084 ns   ; REGIN0 ; register-8_with_CLR:R2|register-4_with_CLR:inst|inst3  ; IR1      ;
; N/A   ; None         ; 2.075 ns   ; REGIN3 ; register-8_with_CLR:R2|register-4_with_CLR:inst|inst   ; IR1      ;
; N/A   ; None         ; 2.074 ns   ; REGIN0 ; register-8_with_CLR:R3|register-4_with_CLR:inst|inst3  ; IR1      ;
; N/A   ; None         ; 2.038 ns   ; REGIN1 ; register-8_with_CLR:R2|register-4_with_CLR:inst|inst2  ; IR1      ;
; N/A   ; None         ; 2.008 ns   ; REGIN1 ; register-8_with_CLR:R0|register-4_with_CLR:inst|inst2  ; IR1      ;
; N/A   ; None         ; 1.985 ns   ; REGIN2 ; register-8_with_CLR:R0|register-4_with_CLR:inst|inst1  ; PC       ;
; N/A   ; None         ; 1.941 ns   ; REGIN7 ; register-8_with_CLR:R1|register-4_with_CLR:inst2|inst  ; IR1      ;
; N/A   ; None         ; 1.924 ns   ; REGIN1 ; register-8_with_CLR:R3|register-4_with_CLR:inst|inst2  ; PC       ;
; N/A   ; None         ; 1.909 ns   ; REGIN7 ; register-8_with_CLR:R0|register-4_with_CLR:inst2|inst  ; PC       ;
; N/A   ; None         ; 1.897 ns   ; REGIN5 ; register-8_with_CLR:R1|register-4_with_CLR:inst2|inst2 ; IR1      ;
; N/A   ; None         ; 1.883 ns   ; REGIN5 ; register-8_with_CLR:R0|register-4_with_CLR:inst2|inst2 ; PC       ;
; N/A   ; None         ; 1.827 ns   ; REGIN7 ; register-8_with_CLR:R3|register-4_with_CLR:inst2|inst  ; IR1      ;
; N/A   ; None         ; 1.827 ns   ; REGIN6 ; register-8_with_CLR:R0|register-4_with_CLR:inst2|inst1 ; PC       ;
; N/A   ; None         ; 1.809 ns   ; REGIN3 ; register-8_with_CLR:R0|register-4_with_CLR:inst|inst   ; PC       ;
; N/A   ; None         ; 1.806 ns   ; REGIN0 ; register-8_with_CLR:R1|register-4_with_CLR:inst|inst3  ; IR1      ;
; N/A   ; None         ; 1.805 ns   ; REGIN0 ; register-8_with_CLR:R0|register-4_with_CLR:inst|inst3  ; CPR      ;
; N/A   ; None         ; 1.801 ns   ; REGIN6 ; register-8_with_CLR:R1|register-4_with_CLR:inst2|inst1 ; IR1      ;
; N/A   ; None         ; 1.797 ns   ; REGIN1 ; register-8_with_CLR:R1|register-4_with_CLR:inst|inst2  ; IR1      ;
; N/A   ; None         ; 1.796 ns   ; REGIN3 ; register-8_with_CLR:R1|register-4_with_CLR:inst|inst   ; IR1      ;
; N/A   ; None         ; 1.782 ns   ; REGIN5 ; register-8_with_CLR:R3|register-4_with_CLR:inst2|inst2 ; IR1      ;
; N/A   ; None         ; 1.685 ns   ; REGIN6 ; register-8_with_CLR:R3|register-4_with_CLR:inst2|inst1 ; IR1      ;
; N/A   ; None         ; 1.682 ns   ; REGIN3 ; register-8_with_CLR:R3|register-4_with_CLR:inst|inst   ; IR1      ;
; N/A   ; None         ; 1.629 ns   ; REGIN1 ; register-8_with_CLR:R0|register-4_with_CLR:inst|inst2  ; CPR      ;
; N/A   ; None         ; 1.500 ns   ; REGIN1 ; register-8_with_CLR:R3|register-4_with_CLR:inst|inst2  ; IR1      ;
; N/A   ; None         ; 1.437 ns   ; REGIN0 ; register-8_with_CLR:R0|register-4_with_CLR:inst|inst3  ; PC       ;
; N/A   ; None         ; 1.261 ns   ; REGIN1 ; register-8_with_CLR:R0|register-4_with_CLR:inst|inst2  ; PC       ;
+-------+--------------+------------+--------+--------------------------------------------------------+----------+


+-------------------------------------------------------------------------------------------------------------------+
; tco                                                                                                               ;
+-------+--------------+------------+--------------------------------------------------------+---------+------------+
; Slack ; Required tco ; Actual tco ; From                                                   ; To      ; From Clock ;
+-------+--------------+------------+--------------------------------------------------------+---------+------------+
; N/A   ; None         ; 14.949 ns  ; register-8_with_CLR:R1|register-4_with_CLR:inst|inst   ; REGQ1_3 ; IR1        ;
; N/A   ; None         ; 14.821 ns  ; register-8_with_CLR:R3|register-4_with_CLR:inst|inst   ; REGQ1_3 ; IR1        ;
; N/A   ; None         ; 14.641 ns  ; register-8_with_CLR:R1|register-4_with_CLR:inst|inst   ; REGQ1_3 ; PC         ;
; N/A   ; None         ; 14.397 ns  ; register-8_with_CLR:R3|register-4_with_CLR:inst|inst   ; REGQ1_3 ; PC         ;
; N/A   ; None         ; 14.263 ns  ; register-8_with_CLR:R1|register-4_with_CLR:inst|inst   ; REGQ1_3 ; CPR        ;
; N/A   ; None         ; 14.146 ns  ; register-8_with_CLR:R1|register-4_with_CLR:inst|inst   ; REGQ1_3 ; IR0        ;
; N/A   ; None         ; 14.063 ns  ; register-8_with_CLR:R0|register-4_with_CLR:inst|inst   ; REGQ1_3 ; PC         ;
; N/A   ; None         ; 14.029 ns  ; register-8_with_CLR:R3|register-4_with_CLR:inst|inst   ; REGQ1_3 ; CPR        ;
; N/A   ; None         ; 13.903 ns  ; register-8_with_CLR:R3|register-4_with_CLR:inst|inst   ; REGQ1_3 ; IR0        ;
; N/A   ; None         ; 13.752 ns  ; register-8_with_CLR:R1|register-4_with_CLR:inst2|inst3 ; REGQ1_4 ; IR1        ;
; N/A   ; None         ; 13.695 ns  ; register-8_with_CLR:R0|register-4_with_CLR:inst|inst   ; REGQ1_3 ; CPR        ;
; N/A   ; None         ; 13.624 ns  ; register-8_with_CLR:R3|register-4_with_CLR:inst2|inst3 ; REGQ1_4 ; IR1        ;
; N/A   ; None         ; 13.444 ns  ; register-8_with_CLR:R1|register-4_with_CLR:inst2|inst3 ; REGQ1_4 ; PC         ;
; N/A   ; None         ; 13.316 ns  ; register-8_with_CLR:R0|register-4_with_CLR:inst|inst   ; REGQ1_3 ; IR1        ;
; N/A   ; None         ; 13.205 ns  ; register-8_with_CLR:R1|register-4_with_CLR:inst2|inst1 ; REGQ1_6 ; IR1        ;
; N/A   ; None         ; 13.200 ns  ; register-8_with_CLR:R3|register-4_with_CLR:inst2|inst3 ; REGQ1_4 ; PC         ;
; N/A   ; None         ; 13.138 ns  ; register-8_with_CLR:R0|register-4_with_CLR:inst|inst   ; REGQ1_3 ; CPACC      ;
; N/A   ; None         ; 13.131 ns  ; register-8_with_CLR:R2|register-4_with_CLR:inst|inst   ; REGQ1_3 ; IR1        ;
; N/A   ; None         ; 13.093 ns  ; register-8_with_CLR:R0|register-4_with_CLR:inst|inst   ; REGQ1_3 ; IR0        ;
; N/A   ; None         ; 13.079 ns  ; register-8_with_CLR:R3|register-4_with_CLR:inst2|inst1 ; REGQ1_6 ; IR1        ;
; N/A   ; None         ; 13.066 ns  ; register-8_with_CLR:R1|register-4_with_CLR:inst2|inst3 ; REGQ1_4 ; CPR        ;
; N/A   ; None         ; 12.952 ns  ; register-8_with_CLR:R0|register-4_with_CLR:inst|inst3  ; REGQ1_0 ; PC         ;
; N/A   ; None         ; 12.949 ns  ; register-8_with_CLR:R1|register-4_with_CLR:inst2|inst3 ; REGQ1_4 ; IR0        ;
; N/A   ; None         ; 12.897 ns  ; register-8_with_CLR:R1|register-4_with_CLR:inst2|inst1 ; REGQ1_6 ; PC         ;
; N/A   ; None         ; 12.863 ns  ; register-8_with_CLR:R1|register-4_with_CLR:inst2|inst  ; REGQ1_7 ; IR1        ;
; N/A   ; None         ; 12.858 ns  ; register-8_with_CLR:R0|register-4_with_CLR:inst2|inst3 ; REGQ1_4 ; PC         ;
; N/A   ; None         ; 12.832 ns  ; register-8_with_CLR:R3|register-4_with_CLR:inst2|inst3 ; REGQ1_4 ; CPR        ;
; N/A   ; None         ; 12.830 ns  ; register-8_with_CLR:R0|register-4_with_CLR:inst2|inst2 ; REGQ0_5 ; PC         ;
; N/A   ; None         ; 12.710 ns  ; register-8_with_CLR:R2|register-4_with_CLR:inst|inst   ; REGQ1_3 ; PC         ;
; N/A   ; None         ; 12.706 ns  ; register-8_with_CLR:R3|register-4_with_CLR:inst2|inst3 ; REGQ1_4 ; IR0        ;
; N/A   ; None         ; 12.665 ns  ; register-8_with_CLR:R0|register-4_with_CLR:inst2|inst  ; REGQ0_7 ; PC         ;
; N/A   ; None         ; 12.655 ns  ; register-8_with_CLR:R3|register-4_with_CLR:inst2|inst1 ; REGQ1_6 ; PC         ;
; N/A   ; None         ; 12.584 ns  ; register-8_with_CLR:R0|register-4_with_CLR:inst|inst3  ; REGQ1_0 ; CPR        ;
; N/A   ; None         ; 12.555 ns  ; register-8_with_CLR:R1|register-4_with_CLR:inst2|inst  ; REGQ1_7 ; PC         ;
; N/A   ; None         ; 12.526 ns  ; register-8_with_CLR:R0|register-4_with_CLR:inst|inst1  ; REGQ1_2 ; PC         ;
; N/A   ; None         ; 12.519 ns  ; register-8_with_CLR:R1|register-4_with_CLR:inst2|inst1 ; REGQ1_6 ; CPR        ;
; N/A   ; None         ; 12.490 ns  ; register-8_with_CLR:R0|register-4_with_CLR:inst2|inst3 ; REGQ1_4 ; CPR        ;
; N/A   ; None         ; 12.462 ns  ; register-8_with_CLR:R0|register-4_with_CLR:inst2|inst2 ; REGQ0_5 ; CPR        ;
; N/A   ; None         ; 12.402 ns  ; register-8_with_CLR:R1|register-4_with_CLR:inst2|inst1 ; REGQ1_6 ; IR0        ;
; N/A   ; None         ; 12.366 ns  ; register-8_with_CLR:R0|register-4_with_CLR:inst|inst2  ; REGQ1_1 ; PC         ;
; N/A   ; None         ; 12.333 ns  ; register-8_with_CLR:R2|register-4_with_CLR:inst|inst   ; REGQ1_3 ; CPR        ;
; N/A   ; None         ; 12.319 ns  ; register-8_with_CLR:R0|register-4_with_CLR:inst2|inst1 ; REGQ1_6 ; PC         ;
; N/A   ; None         ; 12.297 ns  ; register-8_with_CLR:R0|register-4_with_CLR:inst2|inst  ; REGQ0_7 ; CPR        ;
; N/A   ; None         ; 12.287 ns  ; register-8_with_CLR:R3|register-4_with_CLR:inst2|inst1 ; REGQ1_6 ; CPR        ;
; N/A   ; None         ; 12.266 ns  ; register-8_with_CLR:R3|register-4_with_CLR:inst2|inst  ; REGQ1_7 ; IR1        ;
; N/A   ; None         ; 12.218 ns  ; register-8_with_CLR:R2|register-4_with_CLR:inst|inst   ; REGQ1_3 ; IR0        ;
; N/A   ; None         ; 12.205 ns  ; register-8_with_CLR:R0|register-4_with_CLR:inst|inst3  ; REGQ1_0 ; IR1        ;
; N/A   ; None         ; 12.177 ns  ; register-8_with_CLR:R1|register-4_with_CLR:inst2|inst  ; REGQ1_7 ; CPR        ;
; N/A   ; None         ; 12.161 ns  ; register-8_with_CLR:R3|register-4_with_CLR:inst2|inst1 ; REGQ1_6 ; IR0        ;
; N/A   ; None         ; 12.158 ns  ; register-8_with_CLR:R0|register-4_with_CLR:inst|inst1  ; REGQ1_2 ; CPR        ;
; N/A   ; None         ; 12.111 ns  ; register-8_with_CLR:R0|register-4_with_CLR:inst2|inst3 ; REGQ1_4 ; IR1        ;
; N/A   ; None         ; 12.083 ns  ; register-8_with_CLR:R0|register-4_with_CLR:inst2|inst2 ; REGQ0_5 ; IR1        ;
; N/A   ; None         ; 12.060 ns  ; register-8_with_CLR:R1|register-4_with_CLR:inst2|inst  ; REGQ1_7 ; IR0        ;
; N/A   ; None         ; 12.031 ns  ; register-8_with_CLR:R1|register-4_with_CLR:inst2|inst2 ; REGQ1_5 ; IR1        ;
; N/A   ; None         ; 12.027 ns  ; register-8_with_CLR:R0|register-4_with_CLR:inst|inst3  ; REGQ1_0 ; CPACC      ;
; N/A   ; None         ; 11.998 ns  ; register-8_with_CLR:R0|register-4_with_CLR:inst|inst2  ; REGQ1_1 ; CPR        ;
; N/A   ; None         ; 11.982 ns  ; register-8_with_CLR:R0|register-4_with_CLR:inst|inst3  ; REGQ1_0 ; IR0        ;
; N/A   ; None         ; 11.951 ns  ; register-8_with_CLR:R0|register-4_with_CLR:inst2|inst1 ; REGQ1_6 ; CPR        ;
; N/A   ; None         ; 11.933 ns  ; register-8_with_CLR:R0|register-4_with_CLR:inst2|inst3 ; REGQ1_4 ; CPACC      ;
; N/A   ; None         ; 11.928 ns  ; register-8_with_CLR:R2|register-4_with_CLR:inst2|inst3 ; REGQ1_4 ; IR1        ;
; N/A   ; None         ; 11.918 ns  ; register-8_with_CLR:R0|register-4_with_CLR:inst2|inst  ; REGQ0_7 ; IR1        ;
; N/A   ; None         ; 11.906 ns  ; register-8_with_CLR:R3|register-4_with_CLR:inst2|inst2 ; REGQ1_5 ; IR1        ;
; N/A   ; None         ; 11.905 ns  ; register-8_with_CLR:R0|register-4_with_CLR:inst2|inst2 ; REGQ0_5 ; CPACC      ;
; N/A   ; None         ; 11.888 ns  ; register-8_with_CLR:R0|register-4_with_CLR:inst2|inst3 ; REGQ1_4 ; IR0        ;
; N/A   ; None         ; 11.860 ns  ; register-8_with_CLR:R0|register-4_with_CLR:inst2|inst2 ; REGQ0_5 ; IR0        ;
; N/A   ; None         ; 11.855 ns  ; register-8_with_CLR:R1|register-4_with_CLR:inst|inst3  ; REGQ1_0 ; IR1        ;
; N/A   ; None         ; 11.842 ns  ; register-8_with_CLR:R3|register-4_with_CLR:inst2|inst  ; REGQ1_7 ; PC         ;
; N/A   ; None         ; 11.779 ns  ; register-8_with_CLR:R0|register-4_with_CLR:inst|inst1  ; REGQ1_2 ; IR1        ;
; N/A   ; None         ; 11.748 ns  ; register-8_with_CLR:R1|register-4_with_CLR:inst|inst2  ; REGQ1_1 ; IR1        ;
; N/A   ; None         ; 11.740 ns  ; register-8_with_CLR:R0|register-4_with_CLR:inst2|inst  ; REGQ0_7 ; CPACC      ;
; N/A   ; None         ; 11.723 ns  ; register-8_with_CLR:R1|register-4_with_CLR:inst2|inst2 ; REGQ1_5 ; PC         ;
; N/A   ; None         ; 11.695 ns  ; register-8_with_CLR:R0|register-4_with_CLR:inst2|inst  ; REGQ0_7 ; IR0        ;
; N/A   ; None         ; 11.619 ns  ; register-8_with_CLR:R0|register-4_with_CLR:inst|inst2  ; REGQ1_1 ; IR1        ;
; N/A   ; None         ; 11.601 ns  ; register-8_with_CLR:R0|register-4_with_CLR:inst|inst1  ; REGQ1_2 ; CPACC      ;
; N/A   ; None         ; 11.572 ns  ; register-8_with_CLR:R0|register-4_with_CLR:inst2|inst1 ; REGQ1_6 ; IR1        ;
; N/A   ; None         ; 11.556 ns  ; register-8_with_CLR:R0|register-4_with_CLR:inst|inst1  ; REGQ1_2 ; IR0        ;
; N/A   ; None         ; 11.547 ns  ; register-8_with_CLR:R1|register-4_with_CLR:inst|inst3  ; REGQ1_0 ; PC         ;
; N/A   ; None         ; 11.525 ns  ; register-8_with_CLR:R0|register-4_with_CLR:inst2|inst  ; REGQ1_7 ; PC         ;
; N/A   ; None         ; 11.507 ns  ; register-8_with_CLR:R2|register-4_with_CLR:inst2|inst3 ; REGQ1_4 ; PC         ;
; N/A   ; None         ; 11.482 ns  ; register-8_with_CLR:R3|register-4_with_CLR:inst2|inst2 ; REGQ1_5 ; PC         ;
; N/A   ; None         ; 11.474 ns  ; register-8_with_CLR:R3|register-4_with_CLR:inst2|inst  ; REGQ1_7 ; CPR        ;
; N/A   ; None         ; 11.441 ns  ; register-8_with_CLR:R0|register-4_with_CLR:inst|inst2  ; REGQ1_1 ; CPACC      ;
; N/A   ; None         ; 11.440 ns  ; register-8_with_CLR:R1|register-4_with_CLR:inst|inst2  ; REGQ1_1 ; PC         ;
; N/A   ; None         ; 11.432 ns  ; register-8_with_CLR:R1|register-4_with_CLR:inst|inst1  ; REGQ1_2 ; IR1        ;
; N/A   ; None         ; 11.396 ns  ; register-8_with_CLR:R0|register-4_with_CLR:inst|inst2  ; REGQ1_1 ; IR0        ;
; N/A   ; None         ; 11.394 ns  ; register-8_with_CLR:R0|register-4_with_CLR:inst2|inst1 ; REGQ1_6 ; CPACC      ;
; N/A   ; None         ; 11.378 ns  ; register-8_with_CLR:R2|register-4_with_CLR:inst2|inst1 ; REGQ1_6 ; IR1        ;
; N/A   ; None         ; 11.349 ns  ; register-8_with_CLR:R0|register-4_with_CLR:inst2|inst1 ; REGQ1_6 ; IR0        ;
; N/A   ; None         ; 11.348 ns  ; register-8_with_CLR:R3|register-4_with_CLR:inst2|inst  ; REGQ1_7 ; IR0        ;
; N/A   ; None         ; 11.345 ns  ; register-8_with_CLR:R1|register-4_with_CLR:inst2|inst2 ; REGQ1_5 ; CPR        ;
; N/A   ; None         ; 11.247 ns  ; register-8_with_CLR:R0|register-4_with_CLR:inst|inst   ; REGQ0_3 ; PC         ;
; N/A   ; None         ; 11.228 ns  ; register-8_with_CLR:R1|register-4_with_CLR:inst2|inst2 ; REGQ1_5 ; IR0        ;
; N/A   ; None         ; 11.169 ns  ; register-8_with_CLR:R1|register-4_with_CLR:inst|inst3  ; REGQ1_0 ; CPR        ;
; N/A   ; None         ; 11.157 ns  ; register-8_with_CLR:R0|register-4_with_CLR:inst2|inst  ; REGQ1_7 ; CPR        ;
; N/A   ; None         ; 11.144 ns  ; register-8_with_CLR:R0|register-4_with_CLR:inst2|inst2 ; REGQ1_5 ; PC         ;
; N/A   ; None         ; 11.130 ns  ; register-8_with_CLR:R2|register-4_with_CLR:inst2|inst3 ; REGQ1_4 ; CPR        ;
; N/A   ; None         ; 11.124 ns  ; register-8_with_CLR:R1|register-4_with_CLR:inst|inst1  ; REGQ1_2 ; PC         ;
; N/A   ; None         ; 11.114 ns  ; register-8_with_CLR:R3|register-4_with_CLR:inst2|inst2 ; REGQ1_5 ; CPR        ;
; N/A   ; None         ; 11.062 ns  ; register-8_with_CLR:R1|register-4_with_CLR:inst|inst2  ; REGQ1_1 ; CPR        ;
; N/A   ; None         ; 11.052 ns  ; register-8_with_CLR:R1|register-4_with_CLR:inst|inst3  ; REGQ1_0 ; IR0        ;
; N/A   ; None         ; 11.015 ns  ; register-8_with_CLR:R2|register-4_with_CLR:inst2|inst3 ; REGQ1_4 ; IR0        ;
; N/A   ; None         ; 10.988 ns  ; register-8_with_CLR:R3|register-4_with_CLR:inst2|inst2 ; REGQ1_5 ; IR0        ;
; N/A   ; None         ; 10.978 ns  ; register-8_with_CLR:R3|register-4_with_CLR:inst|inst3  ; REGQ1_0 ; IR1        ;
; N/A   ; None         ; 10.957 ns  ; register-8_with_CLR:R2|register-4_with_CLR:inst2|inst1 ; REGQ1_6 ; PC         ;
; N/A   ; None         ; 10.945 ns  ; register-8_with_CLR:R1|register-4_with_CLR:inst|inst2  ; REGQ1_1 ; IR0        ;
; N/A   ; None         ; 10.881 ns  ; register-8_with_CLR:R3|register-4_with_CLR:inst|inst2  ; REGQ1_1 ; IR1        ;
; N/A   ; None         ; 10.879 ns  ; register-8_with_CLR:R0|register-4_with_CLR:inst|inst   ; REGQ0_3 ; CPR        ;
; N/A   ; None         ; 10.795 ns  ; register-8_with_CLR:R0|register-4_with_CLR:inst2|inst3 ; REGQ0_4 ; PC         ;
; N/A   ; None         ; 10.778 ns  ; register-8_with_CLR:R0|register-4_with_CLR:inst2|inst  ; REGQ1_7 ; IR1        ;
; N/A   ; None         ; 10.776 ns  ; register-8_with_CLR:R0|register-4_with_CLR:inst2|inst2 ; REGQ1_5 ; CPR        ;
; N/A   ; None         ; 10.774 ns  ; register-8_with_CLR:R0|register-4_with_CLR:inst2|inst1 ; REGQ0_6 ; PC         ;
; N/A   ; None         ; 10.746 ns  ; register-8_with_CLR:R1|register-4_with_CLR:inst|inst1  ; REGQ1_2 ; CPR        ;
; N/A   ; None         ; 10.629 ns  ; register-8_with_CLR:R1|register-4_with_CLR:inst|inst1  ; REGQ1_2 ; IR0        ;
; N/A   ; None         ; 10.600 ns  ; register-8_with_CLR:R0|register-4_with_CLR:inst2|inst  ; REGQ1_7 ; CPACC      ;
; N/A   ; None         ; 10.580 ns  ; register-8_with_CLR:R2|register-4_with_CLR:inst2|inst1 ; REGQ1_6 ; CPR        ;
; N/A   ; None         ; 10.565 ns  ; register-8_with_CLR:R2|register-4_with_CLR:inst2|inst  ; REGQ1_7 ; IR1        ;
; N/A   ; None         ; 10.555 ns  ; register-8_with_CLR:R0|register-4_with_CLR:inst2|inst  ; REGQ1_7 ; IR0        ;
; N/A   ; None         ; 10.554 ns  ; register-8_with_CLR:R3|register-4_with_CLR:inst|inst3  ; REGQ1_0 ; PC         ;
; N/A   ; None         ; 10.500 ns  ; register-8_with_CLR:R0|register-4_with_CLR:inst|inst   ; REGQ0_3 ; IR1        ;
; N/A   ; None         ; 10.475 ns  ; register-8_with_CLR:R3|register-4_with_CLR:inst|inst1  ; REGQ1_2 ; IR1        ;
; N/A   ; None         ; 10.465 ns  ; register-8_with_CLR:R2|register-4_with_CLR:inst2|inst1 ; REGQ1_6 ; IR0        ;
; N/A   ; None         ; 10.457 ns  ; register-8_with_CLR:R3|register-4_with_CLR:inst|inst2  ; REGQ1_1 ; PC         ;
; N/A   ; None         ; 10.456 ns  ; register-8_with_CLR:R0|register-4_with_CLR:inst|inst1  ; REGQ0_2 ; PC         ;
; N/A   ; None         ; 10.427 ns  ; register-8_with_CLR:R0|register-4_with_CLR:inst2|inst3 ; REGQ0_4 ; CPR        ;
; N/A   ; None         ; 10.406 ns  ; register-8_with_CLR:R0|register-4_with_CLR:inst2|inst1 ; REGQ0_6 ; CPR        ;
; N/A   ; None         ; 10.397 ns  ; register-8_with_CLR:R0|register-4_with_CLR:inst2|inst2 ; REGQ1_5 ; IR1        ;
; N/A   ; None         ; 10.322 ns  ; register-8_with_CLR:R0|register-4_with_CLR:inst|inst   ; REGQ0_3 ; CPACC      ;
; N/A   ; None         ; 10.277 ns  ; register-8_with_CLR:R0|register-4_with_CLR:inst|inst   ; REGQ0_3 ; IR0        ;
; N/A   ; None         ; 10.255 ns  ; register-8_with_CLR:R2|register-4_with_CLR:inst|inst3  ; REGQ1_0 ; IR1        ;
; N/A   ; None         ; 10.233 ns  ; register-8_with_CLR:R0|register-4_with_CLR:inst|inst3  ; REGQ0_0 ; PC         ;
; N/A   ; None         ; 10.219 ns  ; register-8_with_CLR:R0|register-4_with_CLR:inst2|inst2 ; REGQ1_5 ; CPACC      ;
; N/A   ; None         ; 10.205 ns  ; register-8_with_CLR:R2|register-4_with_CLR:inst|inst2  ; REGQ1_1 ; IR1        ;
; N/A   ; None         ; 10.204 ns  ; register-8_with_CLR:R2|register-4_with_CLR:inst2|inst2 ; REGQ1_5 ; IR1        ;
; N/A   ; None         ; 10.198 ns  ; register-8_with_CLR:R0|register-4_with_CLR:inst|inst2  ; REGQ0_1 ; PC         ;
; N/A   ; None         ; 10.186 ns  ; register-8_with_CLR:R3|register-4_with_CLR:inst|inst3  ; REGQ1_0 ; CPR        ;
; N/A   ; None         ; 10.174 ns  ; register-8_with_CLR:R0|register-4_with_CLR:inst2|inst2 ; REGQ1_5 ; IR0        ;
; N/A   ; None         ; 10.144 ns  ; register-8_with_CLR:R2|register-4_with_CLR:inst2|inst  ; REGQ1_7 ; PC         ;
; N/A   ; None         ; 10.089 ns  ; register-8_with_CLR:R3|register-4_with_CLR:inst|inst2  ; REGQ1_1 ; CPR        ;
; N/A   ; None         ; 10.088 ns  ; register-8_with_CLR:R0|register-4_with_CLR:inst|inst1  ; REGQ0_2 ; CPR        ;
; N/A   ; None         ; 10.060 ns  ; register-8_with_CLR:R3|register-4_with_CLR:inst|inst3  ; REGQ1_0 ; IR0        ;
; N/A   ; None         ; 10.051 ns  ; register-8_with_CLR:R3|register-4_with_CLR:inst|inst1  ; REGQ1_2 ; PC         ;
; N/A   ; None         ; 10.048 ns  ; register-8_with_CLR:R0|register-4_with_CLR:inst2|inst3 ; REGQ0_4 ; IR1        ;
; N/A   ; None         ; 10.027 ns  ; register-8_with_CLR:R0|register-4_with_CLR:inst2|inst1 ; REGQ0_6 ; IR1        ;
; N/A   ; None         ; 9.963 ns   ; register-8_with_CLR:R3|register-4_with_CLR:inst|inst2  ; REGQ1_1 ; IR0        ;
; N/A   ; None         ; 9.870 ns   ; register-8_with_CLR:R0|register-4_with_CLR:inst2|inst3 ; REGQ0_4 ; CPACC      ;
; N/A   ; None         ; 9.865 ns   ; register-8_with_CLR:R0|register-4_with_CLR:inst|inst3  ; REGQ0_0 ; CPR        ;
; N/A   ; None         ; 9.849 ns   ; register-8_with_CLR:R0|register-4_with_CLR:inst2|inst1 ; REGQ0_6 ; CPACC      ;
; N/A   ; None         ; 9.834 ns   ; register-8_with_CLR:R2|register-4_with_CLR:inst|inst3  ; REGQ1_0 ; PC         ;
; N/A   ; None         ; 9.830 ns   ; register-8_with_CLR:R0|register-4_with_CLR:inst|inst2  ; REGQ0_1 ; CPR        ;
; N/A   ; None         ; 9.825 ns   ; register-8_with_CLR:R0|register-4_with_CLR:inst2|inst3 ; REGQ0_4 ; IR0        ;
; N/A   ; None         ; 9.804 ns   ; register-8_with_CLR:R0|register-4_with_CLR:inst2|inst1 ; REGQ0_6 ; IR0        ;
; N/A   ; None         ; 9.799 ns   ; register-8_with_CLR:R2|register-4_with_CLR:inst|inst1  ; REGQ1_2 ; IR1        ;
; N/A   ; None         ; 9.784 ns   ; register-8_with_CLR:R2|register-4_with_CLR:inst|inst2  ; REGQ1_1 ; PC         ;
; N/A   ; None         ; 9.783 ns   ; register-8_with_CLR:R2|register-4_with_CLR:inst2|inst2 ; REGQ1_5 ; PC         ;
; N/A   ; None         ; 9.767 ns   ; register-8_with_CLR:R2|register-4_with_CLR:inst2|inst  ; REGQ1_7 ; CPR        ;
; N/A   ; None         ; 9.709 ns   ; register-8_with_CLR:R0|register-4_with_CLR:inst|inst1  ; REGQ0_2 ; IR1        ;
; N/A   ; None         ; 9.683 ns   ; register-8_with_CLR:R3|register-4_with_CLR:inst|inst1  ; REGQ1_2 ; CPR        ;
; N/A   ; None         ; 9.652 ns   ; register-8_with_CLR:R2|register-4_with_CLR:inst2|inst  ; REGQ1_7 ; IR0        ;
; N/A   ; None         ; 9.557 ns   ; register-8_with_CLR:R3|register-4_with_CLR:inst|inst1  ; REGQ1_2 ; IR0        ;
; N/A   ; None         ; 9.531 ns   ; register-8_with_CLR:R0|register-4_with_CLR:inst|inst1  ; REGQ0_2 ; CPACC      ;
; N/A   ; None         ; 9.486 ns   ; register-8_with_CLR:R0|register-4_with_CLR:inst|inst3  ; REGQ0_0 ; IR1        ;
; N/A   ; None         ; 9.486 ns   ; register-8_with_CLR:R0|register-4_with_CLR:inst|inst1  ; REGQ0_2 ; IR0        ;
; N/A   ; None         ; 9.457 ns   ; register-8_with_CLR:R2|register-4_with_CLR:inst|inst3  ; REGQ1_0 ; CPR        ;
; N/A   ; None         ; 9.451 ns   ; register-8_with_CLR:R0|register-4_with_CLR:inst|inst2  ; REGQ0_1 ; IR1        ;
; N/A   ; None         ; 9.407 ns   ; register-8_with_CLR:R2|register-4_with_CLR:inst|inst2  ; REGQ1_1 ; CPR        ;
; N/A   ; None         ; 9.406 ns   ; register-8_with_CLR:R2|register-4_with_CLR:inst2|inst2 ; REGQ1_5 ; CPR        ;
; N/A   ; None         ; 9.378 ns   ; register-8_with_CLR:R2|register-4_with_CLR:inst|inst1  ; REGQ1_2 ; PC         ;
; N/A   ; None         ; 9.342 ns   ; register-8_with_CLR:R2|register-4_with_CLR:inst|inst3  ; REGQ1_0 ; IR0        ;
; N/A   ; None         ; 9.308 ns   ; register-8_with_CLR:R0|register-4_with_CLR:inst|inst3  ; REGQ0_0 ; CPACC      ;
; N/A   ; None         ; 9.292 ns   ; register-8_with_CLR:R2|register-4_with_CLR:inst|inst2  ; REGQ1_1 ; IR0        ;
; N/A   ; None         ; 9.291 ns   ; register-8_with_CLR:R2|register-4_with_CLR:inst2|inst2 ; REGQ1_5 ; IR0        ;
; N/A   ; None         ; 9.273 ns   ; register-8_with_CLR:R0|register-4_with_CLR:inst|inst2  ; REGQ0_1 ; CPACC      ;
; N/A   ; None         ; 9.263 ns   ; register-8_with_CLR:R0|register-4_with_CLR:inst|inst3  ; REGQ0_0 ; IR0        ;
; N/A   ; None         ; 9.228 ns   ; register-8_with_CLR:R0|register-4_with_CLR:inst|inst2  ; REGQ0_1 ; IR0        ;
; N/A   ; None         ; 9.001 ns   ; register-8_with_CLR:R2|register-4_with_CLR:inst|inst1  ; REGQ1_2 ; CPR        ;
; N/A   ; None         ; 8.886 ns   ; register-8_with_CLR:R2|register-4_with_CLR:inst|inst1  ; REGQ1_2 ; IR0        ;
+-------+--------------+------------+--------------------------------------------------------+---------+------------+


+-----------------------------------------------------------------+
; tpd                                                             ;
+-------+-------------------+-----------------+---------+---------+
; Slack ; Required P2P Time ; Actual P2P Time ; From    ; To      ;
+-------+-------------------+-----------------+---------+---------+
; N/A   ; None              ; 16.916 ns       ; OUT_IR1 ; REGQ1_3 ;
; N/A   ; None              ; 16.463 ns       ; OUT_IR0 ; REGQ1_3 ;
; N/A   ; None              ; 15.716 ns       ; OUT_IR1 ; REGQ1_4 ;
; N/A   ; None              ; 15.266 ns       ; OUT_IR0 ; REGQ1_4 ;
; N/A   ; None              ; 15.171 ns       ; OUT_IR1 ; REGQ1_6 ;
; N/A   ; None              ; 14.721 ns       ; OUT_IR0 ; REGQ1_6 ;
; N/A   ; None              ; 14.357 ns       ; OUT_IR1 ; REGQ1_7 ;
; N/A   ; None              ; 14.344 ns       ; OUT_IR1 ; REGQ1_0 ;
; N/A   ; None              ; 14.231 ns       ; OUT_IR0 ; REGQ1_1 ;
; N/A   ; None              ; 14.230 ns       ; OUT_IR1 ; REGQ1_1 ;
; N/A   ; None              ; 14.001 ns       ; OUT_IR1 ; REGQ1_5 ;
; N/A   ; None              ; 13.921 ns       ; OUT_IR1 ; REGQ1_2 ;
; N/A   ; None              ; 13.861 ns       ; OUT_IR0 ; REGQ1_0 ;
; N/A   ; None              ; 13.549 ns       ; OUT_IR0 ; REGQ1_5 ;
; N/A   ; None              ; 13.440 ns       ; OUT_IR0 ; REGQ1_2 ;
; N/A   ; None              ; 13.434 ns       ; OUT_IR0 ; REGQ1_7 ;
+-------+-------------------+-----------------+---------+---------+


+----------------------------------------------------------------------------------------------------------------------+
; th                                                                                                                   ;
+---------------+-------------+-----------+--------+--------------------------------------------------------+----------+
; Minimum Slack ; Required th ; Actual th ; From   ; To                                                     ; To Clock ;
+---------------+-------------+-----------+--------+--------------------------------------------------------+----------+
; N/A           ; None        ; -0.995 ns ; REGIN1 ; register-8_with_CLR:R0|register-4_with_CLR:inst|inst2  ; PC       ;
; N/A           ; None        ; -1.171 ns ; REGIN0 ; register-8_with_CLR:R0|register-4_with_CLR:inst|inst3  ; PC       ;
; N/A           ; None        ; -1.234 ns ; REGIN1 ; register-8_with_CLR:R3|register-4_with_CLR:inst|inst2  ; IR1      ;
; N/A           ; None        ; -1.363 ns ; REGIN1 ; register-8_with_CLR:R0|register-4_with_CLR:inst|inst2  ; CPR      ;
; N/A           ; None        ; -1.416 ns ; REGIN3 ; register-8_with_CLR:R3|register-4_with_CLR:inst|inst   ; IR1      ;
; N/A           ; None        ; -1.419 ns ; REGIN6 ; register-8_with_CLR:R3|register-4_with_CLR:inst2|inst1 ; IR1      ;
; N/A           ; None        ; -1.516 ns ; REGIN5 ; register-8_with_CLR:R3|register-4_with_CLR:inst2|inst2 ; IR1      ;
; N/A           ; None        ; -1.530 ns ; REGIN3 ; register-8_with_CLR:R1|register-4_with_CLR:inst|inst   ; IR1      ;
; N/A           ; None        ; -1.531 ns ; REGIN1 ; register-8_with_CLR:R1|register-4_with_CLR:inst|inst2  ; IR1      ;
; N/A           ; None        ; -1.535 ns ; REGIN6 ; register-8_with_CLR:R1|register-4_with_CLR:inst2|inst1 ; IR1      ;
; N/A           ; None        ; -1.539 ns ; REGIN0 ; register-8_with_CLR:R0|register-4_with_CLR:inst|inst3  ; CPR      ;
; N/A           ; None        ; -1.540 ns ; REGIN0 ; register-8_with_CLR:R1|register-4_with_CLR:inst|inst3  ; IR1      ;
; N/A           ; None        ; -1.543 ns ; REGIN3 ; register-8_with_CLR:R0|register-4_with_CLR:inst|inst   ; PC       ;
; N/A           ; None        ; -1.561 ns ; REGIN7 ; register-8_with_CLR:R3|register-4_with_CLR:inst2|inst  ; IR1      ;
; N/A           ; None        ; -1.561 ns ; REGIN6 ; register-8_with_CLR:R0|register-4_with_CLR:inst2|inst1 ; PC       ;
; N/A           ; None        ; -1.617 ns ; REGIN5 ; register-8_with_CLR:R0|register-4_with_CLR:inst2|inst2 ; PC       ;
; N/A           ; None        ; -1.631 ns ; REGIN5 ; register-8_with_CLR:R1|register-4_with_CLR:inst2|inst2 ; IR1      ;
; N/A           ; None        ; -1.643 ns ; REGIN7 ; register-8_with_CLR:R0|register-4_with_CLR:inst2|inst  ; PC       ;
; N/A           ; None        ; -1.658 ns ; REGIN1 ; register-8_with_CLR:R3|register-4_with_CLR:inst|inst2  ; PC       ;
; N/A           ; None        ; -1.675 ns ; REGIN7 ; register-8_with_CLR:R1|register-4_with_CLR:inst2|inst  ; IR1      ;
; N/A           ; None        ; -1.719 ns ; REGIN2 ; register-8_with_CLR:R0|register-4_with_CLR:inst|inst1  ; PC       ;
; N/A           ; None        ; -1.742 ns ; REGIN1 ; register-8_with_CLR:R0|register-4_with_CLR:inst|inst2  ; IR1      ;
; N/A           ; None        ; -1.772 ns ; REGIN1 ; register-8_with_CLR:R2|register-4_with_CLR:inst|inst2  ; IR1      ;
; N/A           ; None        ; -1.808 ns ; REGIN0 ; register-8_with_CLR:R3|register-4_with_CLR:inst|inst3  ; IR1      ;
; N/A           ; None        ; -1.809 ns ; REGIN3 ; register-8_with_CLR:R2|register-4_with_CLR:inst|inst   ; IR1      ;
; N/A           ; None        ; -1.818 ns ; REGIN0 ; register-8_with_CLR:R2|register-4_with_CLR:inst|inst3  ; IR1      ;
; N/A           ; None        ; -1.827 ns ; REGIN6 ; register-8_with_CLR:R2|register-4_with_CLR:inst2|inst1 ; IR1      ;
; N/A           ; None        ; -1.838 ns ; REGIN3 ; register-8_with_CLR:R1|register-4_with_CLR:inst|inst   ; PC       ;
; N/A           ; None        ; -1.839 ns ; REGIN1 ; register-8_with_CLR:R1|register-4_with_CLR:inst|inst2  ; PC       ;
; N/A           ; None        ; -1.840 ns ; REGIN3 ; register-8_with_CLR:R3|register-4_with_CLR:inst|inst   ; PC       ;
; N/A           ; None        ; -1.843 ns ; REGIN6 ; register-8_with_CLR:R3|register-4_with_CLR:inst2|inst1 ; PC       ;
; N/A           ; None        ; -1.843 ns ; REGIN6 ; register-8_with_CLR:R1|register-4_with_CLR:inst2|inst1 ; PC       ;
; N/A           ; None        ; -1.848 ns ; REGIN0 ; register-8_with_CLR:R1|register-4_with_CLR:inst|inst3  ; PC       ;
; N/A           ; None        ; -1.882 ns ; REGIN5 ; register-8_with_CLR:R2|register-4_with_CLR:inst2|inst2 ; IR1      ;
; N/A           ; None        ; -1.908 ns ; REGIN7 ; register-8_with_CLR:R2|register-4_with_CLR:inst2|inst  ; IR1      ;
; N/A           ; None        ; -1.911 ns ; REGIN3 ; register-8_with_CLR:R0|register-4_with_CLR:inst|inst   ; CPR      ;
; N/A           ; None        ; -1.918 ns ; REGIN0 ; register-8_with_CLR:R0|register-4_with_CLR:inst|inst3  ; IR1      ;
; N/A           ; None        ; -1.920 ns ; REGIN1 ; register-8_with_CLR:R0|register-4_with_CLR:inst|inst2  ; CPACC    ;
; N/A           ; None        ; -1.929 ns ; REGIN6 ; register-8_with_CLR:R0|register-4_with_CLR:inst2|inst1 ; CPR      ;
; N/A           ; None        ; -1.939 ns ; REGIN5 ; register-8_with_CLR:R1|register-4_with_CLR:inst2|inst2 ; PC       ;
; N/A           ; None        ; -1.940 ns ; REGIN5 ; register-8_with_CLR:R3|register-4_with_CLR:inst2|inst2 ; PC       ;
; N/A           ; None        ; -1.965 ns ; REGIN1 ; register-8_with_CLR:R0|register-4_with_CLR:inst|inst2  ; IR0      ;
; N/A           ; None        ; -1.983 ns ; REGIN7 ; register-8_with_CLR:R1|register-4_with_CLR:inst2|inst  ; PC       ;
; N/A           ; None        ; -1.985 ns ; REGIN7 ; register-8_with_CLR:R3|register-4_with_CLR:inst2|inst  ; PC       ;
; N/A           ; None        ; -1.985 ns ; REGIN5 ; register-8_with_CLR:R0|register-4_with_CLR:inst2|inst2 ; CPR      ;
; N/A           ; None        ; -2.011 ns ; REGIN7 ; register-8_with_CLR:R0|register-4_with_CLR:inst2|inst  ; CPR      ;
; N/A           ; None        ; -2.026 ns ; REGIN1 ; register-8_with_CLR:R3|register-4_with_CLR:inst|inst2  ; CPR      ;
; N/A           ; None        ; -2.087 ns ; REGIN2 ; register-8_with_CLR:R0|register-4_with_CLR:inst|inst1  ; CPR      ;
; N/A           ; None        ; -2.096 ns ; REGIN0 ; register-8_with_CLR:R0|register-4_with_CLR:inst|inst3  ; CPACC    ;
; N/A           ; None        ; -2.141 ns ; REGIN0 ; register-8_with_CLR:R0|register-4_with_CLR:inst|inst3  ; IR0      ;
; N/A           ; None        ; -2.152 ns ; REGIN1 ; register-8_with_CLR:R3|register-4_with_CLR:inst|inst2  ; IR0      ;
; N/A           ; None        ; -2.193 ns ; REGIN1 ; register-8_with_CLR:R2|register-4_with_CLR:inst|inst2  ; PC       ;
; N/A           ; None        ; -2.208 ns ; REGIN3 ; register-8_with_CLR:R3|register-4_with_CLR:inst|inst   ; CPR      ;
; N/A           ; None        ; -2.211 ns ; REGIN6 ; register-8_with_CLR:R3|register-4_with_CLR:inst2|inst1 ; CPR      ;
; N/A           ; None        ; -2.216 ns ; REGIN3 ; register-8_with_CLR:R1|register-4_with_CLR:inst|inst   ; CPR      ;
; N/A           ; None        ; -2.217 ns ; REGIN1 ; register-8_with_CLR:R1|register-4_with_CLR:inst|inst2  ; CPR      ;
; N/A           ; None        ; -2.221 ns ; REGIN6 ; register-8_with_CLR:R1|register-4_with_CLR:inst2|inst1 ; CPR      ;
; N/A           ; None        ; -2.226 ns ; REGIN0 ; register-8_with_CLR:R1|register-4_with_CLR:inst|inst3  ; CPR      ;
; N/A           ; None        ; -2.230 ns ; REGIN3 ; register-8_with_CLR:R2|register-4_with_CLR:inst|inst   ; PC       ;
; N/A           ; None        ; -2.232 ns ; REGIN0 ; register-8_with_CLR:R3|register-4_with_CLR:inst|inst3  ; PC       ;
; N/A           ; None        ; -2.239 ns ; REGIN0 ; register-8_with_CLR:R2|register-4_with_CLR:inst|inst3  ; PC       ;
; N/A           ; None        ; -2.248 ns ; REGIN6 ; register-8_with_CLR:R2|register-4_with_CLR:inst2|inst1 ; PC       ;
; N/A           ; None        ; -2.290 ns ; REGIN3 ; register-8_with_CLR:R0|register-4_with_CLR:inst|inst   ; IR1      ;
; N/A           ; None        ; -2.303 ns ; REGIN5 ; register-8_with_CLR:R2|register-4_with_CLR:inst2|inst2 ; PC       ;
; N/A           ; None        ; -2.308 ns ; REGIN6 ; register-8_with_CLR:R0|register-4_with_CLR:inst2|inst1 ; IR1      ;
; N/A           ; None        ; -2.308 ns ; REGIN5 ; register-8_with_CLR:R3|register-4_with_CLR:inst2|inst2 ; CPR      ;
; N/A           ; None        ; -2.317 ns ; REGIN5 ; register-8_with_CLR:R1|register-4_with_CLR:inst2|inst2 ; CPR      ;
; N/A           ; None        ; -2.329 ns ; REGIN7 ; register-8_with_CLR:R2|register-4_with_CLR:inst2|inst  ; PC       ;
; N/A           ; None        ; -2.333 ns ; REGIN3 ; register-8_with_CLR:R1|register-4_with_CLR:inst|inst   ; IR0      ;
; N/A           ; None        ; -2.334 ns ; REGIN3 ; register-8_with_CLR:R3|register-4_with_CLR:inst|inst   ; IR0      ;
; N/A           ; None        ; -2.334 ns ; REGIN1 ; register-8_with_CLR:R1|register-4_with_CLR:inst|inst2  ; IR0      ;
; N/A           ; None        ; -2.337 ns ; REGIN6 ; register-8_with_CLR:R3|register-4_with_CLR:inst2|inst1 ; IR0      ;
; N/A           ; None        ; -2.338 ns ; REGIN6 ; register-8_with_CLR:R1|register-4_with_CLR:inst2|inst1 ; IR0      ;
; N/A           ; None        ; -2.343 ns ; REGIN0 ; register-8_with_CLR:R1|register-4_with_CLR:inst|inst3  ; IR0      ;
; N/A           ; None        ; -2.353 ns ; REGIN7 ; register-8_with_CLR:R3|register-4_with_CLR:inst2|inst  ; CPR      ;
; N/A           ; None        ; -2.361 ns ; REGIN7 ; register-8_with_CLR:R1|register-4_with_CLR:inst2|inst  ; CPR      ;
; N/A           ; None        ; -2.364 ns ; REGIN5 ; register-8_with_CLR:R0|register-4_with_CLR:inst2|inst2 ; IR1      ;
; N/A           ; None        ; -2.365 ns ; REGIN4 ; register-8_with_CLR:R0|register-4_with_CLR:inst2|inst3 ; PC       ;
; N/A           ; None        ; -2.377 ns ; REGIN2 ; register-8_with_CLR:R3|register-4_with_CLR:inst|inst1  ; IR1      ;
; N/A           ; None        ; -2.390 ns ; REGIN7 ; register-8_with_CLR:R0|register-4_with_CLR:inst2|inst  ; IR1      ;
; N/A           ; None        ; -2.434 ns ; REGIN5 ; register-8_with_CLR:R3|register-4_with_CLR:inst2|inst2 ; IR0      ;
; N/A           ; None        ; -2.434 ns ; REGIN5 ; register-8_with_CLR:R1|register-4_with_CLR:inst2|inst2 ; IR0      ;
; N/A           ; None        ; -2.466 ns ; REGIN2 ; register-8_with_CLR:R0|register-4_with_CLR:inst|inst1  ; IR1      ;
; N/A           ; None        ; -2.468 ns ; REGIN3 ; register-8_with_CLR:R0|register-4_with_CLR:inst|inst   ; CPACC    ;
; N/A           ; None        ; -2.478 ns ; REGIN7 ; register-8_with_CLR:R1|register-4_with_CLR:inst2|inst  ; IR0      ;
; N/A           ; None        ; -2.479 ns ; REGIN7 ; register-8_with_CLR:R3|register-4_with_CLR:inst2|inst  ; IR0      ;
; N/A           ; None        ; -2.486 ns ; REGIN6 ; register-8_with_CLR:R0|register-4_with_CLR:inst2|inst1 ; CPACC    ;
; N/A           ; None        ; -2.513 ns ; REGIN3 ; register-8_with_CLR:R0|register-4_with_CLR:inst|inst   ; IR0      ;
; N/A           ; None        ; -2.531 ns ; REGIN6 ; register-8_with_CLR:R0|register-4_with_CLR:inst2|inst1 ; IR0      ;
; N/A           ; None        ; -2.542 ns ; REGIN5 ; register-8_with_CLR:R0|register-4_with_CLR:inst2|inst2 ; CPACC    ;
; N/A           ; None        ; -2.547 ns ; REGIN2 ; register-8_with_CLR:R2|register-4_with_CLR:inst|inst1  ; IR1      ;
; N/A           ; None        ; -2.559 ns ; REGIN4 ; register-8_with_CLR:R3|register-4_with_CLR:inst2|inst3 ; IR1      ;
; N/A           ; None        ; -2.568 ns ; REGIN7 ; register-8_with_CLR:R0|register-4_with_CLR:inst2|inst  ; CPACC    ;
; N/A           ; None        ; -2.570 ns ; REGIN1 ; register-8_with_CLR:R2|register-4_with_CLR:inst|inst2  ; CPR      ;
; N/A           ; None        ; -2.587 ns ; REGIN5 ; register-8_with_CLR:R0|register-4_with_CLR:inst2|inst2 ; IR0      ;
; N/A           ; None        ; -2.600 ns ; REGIN0 ; register-8_with_CLR:R3|register-4_with_CLR:inst|inst3  ; CPR      ;
; N/A           ; None        ; -2.607 ns ; REGIN3 ; register-8_with_CLR:R2|register-4_with_CLR:inst|inst   ; CPR      ;
; N/A           ; None        ; -2.613 ns ; REGIN7 ; register-8_with_CLR:R0|register-4_with_CLR:inst2|inst  ; IR0      ;
; N/A           ; None        ; -2.616 ns ; REGIN0 ; register-8_with_CLR:R2|register-4_with_CLR:inst|inst3  ; CPR      ;
; N/A           ; None        ; -2.625 ns ; REGIN6 ; register-8_with_CLR:R2|register-4_with_CLR:inst2|inst1 ; CPR      ;
; N/A           ; None        ; -2.630 ns ; REGIN4 ; register-8_with_CLR:R2|register-4_with_CLR:inst2|inst3 ; IR1      ;
; N/A           ; None        ; -2.644 ns ; REGIN2 ; register-8_with_CLR:R0|register-4_with_CLR:inst|inst1  ; CPACC    ;
; N/A           ; None        ; -2.677 ns ; REGIN4 ; register-8_with_CLR:R1|register-4_with_CLR:inst2|inst3 ; IR1      ;
; N/A           ; None        ; -2.680 ns ; REGIN5 ; register-8_with_CLR:R2|register-4_with_CLR:inst2|inst2 ; CPR      ;
; N/A           ; None        ; -2.685 ns ; REGIN1 ; register-8_with_CLR:R2|register-4_with_CLR:inst|inst2  ; IR0      ;
; N/A           ; None        ; -2.689 ns ; REGIN2 ; register-8_with_CLR:R0|register-4_with_CLR:inst|inst1  ; IR0      ;
; N/A           ; None        ; -2.706 ns ; REGIN7 ; register-8_with_CLR:R2|register-4_with_CLR:inst2|inst  ; CPR      ;
; N/A           ; None        ; -2.716 ns ; REGIN2 ; register-8_with_CLR:R1|register-4_with_CLR:inst|inst1  ; IR1      ;
; N/A           ; None        ; -2.722 ns ; REGIN3 ; register-8_with_CLR:R2|register-4_with_CLR:inst|inst   ; IR0      ;
; N/A           ; None        ; -2.726 ns ; REGIN0 ; register-8_with_CLR:R3|register-4_with_CLR:inst|inst3  ; IR0      ;
; N/A           ; None        ; -2.731 ns ; REGIN0 ; register-8_with_CLR:R2|register-4_with_CLR:inst|inst3  ; IR0      ;
; N/A           ; None        ; -2.733 ns ; REGIN4 ; register-8_with_CLR:R0|register-4_with_CLR:inst2|inst3 ; CPR      ;
; N/A           ; None        ; -2.740 ns ; REGIN6 ; register-8_with_CLR:R2|register-4_with_CLR:inst2|inst1 ; IR0      ;
; N/A           ; None        ; -2.795 ns ; REGIN5 ; register-8_with_CLR:R2|register-4_with_CLR:inst2|inst2 ; IR0      ;
; N/A           ; None        ; -2.801 ns ; REGIN2 ; register-8_with_CLR:R3|register-4_with_CLR:inst|inst1  ; PC       ;
; N/A           ; None        ; -2.821 ns ; REGIN7 ; register-8_with_CLR:R2|register-4_with_CLR:inst2|inst  ; IR0      ;
; N/A           ; None        ; -2.968 ns ; REGIN2 ; register-8_with_CLR:R2|register-4_with_CLR:inst|inst1  ; PC       ;
; N/A           ; None        ; -2.983 ns ; REGIN4 ; register-8_with_CLR:R3|register-4_with_CLR:inst2|inst3 ; PC       ;
; N/A           ; None        ; -2.985 ns ; REGIN4 ; register-8_with_CLR:R1|register-4_with_CLR:inst2|inst3 ; PC       ;
; N/A           ; None        ; -3.024 ns ; REGIN2 ; register-8_with_CLR:R1|register-4_with_CLR:inst|inst1  ; PC       ;
; N/A           ; None        ; -3.051 ns ; REGIN4 ; register-8_with_CLR:R2|register-4_with_CLR:inst2|inst3 ; PC       ;
; N/A           ; None        ; -3.112 ns ; REGIN4 ; register-8_with_CLR:R0|register-4_with_CLR:inst2|inst3 ; IR1      ;
; N/A           ; None        ; -3.169 ns ; REGIN2 ; register-8_with_CLR:R3|register-4_with_CLR:inst|inst1  ; CPR      ;
; N/A           ; None        ; -3.290 ns ; REGIN4 ; register-8_with_CLR:R0|register-4_with_CLR:inst2|inst3 ; CPACC    ;
; N/A           ; None        ; -3.295 ns ; REGIN2 ; register-8_with_CLR:R3|register-4_with_CLR:inst|inst1  ; IR0      ;
; N/A           ; None        ; -3.335 ns ; REGIN4 ; register-8_with_CLR:R0|register-4_with_CLR:inst2|inst3 ; IR0      ;
; N/A           ; None        ; -3.345 ns ; REGIN2 ; register-8_with_CLR:R2|register-4_with_CLR:inst|inst1  ; CPR      ;
; N/A           ; None        ; -3.351 ns ; REGIN4 ; register-8_with_CLR:R3|register-4_with_CLR:inst2|inst3 ; CPR      ;
; N/A           ; None        ; -3.363 ns ; REGIN4 ; register-8_with_CLR:R1|register-4_with_CLR:inst2|inst3 ; CPR      ;
; N/A           ; None        ; -3.402 ns ; REGIN2 ; register-8_with_CLR:R1|register-4_with_CLR:inst|inst1  ; CPR      ;
; N/A           ; None        ; -3.428 ns ; REGIN4 ; register-8_with_CLR:R2|register-4_with_CLR:inst2|inst3 ; CPR      ;
; N/A           ; None        ; -3.460 ns ; REGIN2 ; register-8_with_CLR:R2|register-4_with_CLR:inst|inst1  ; IR0      ;
; N/A           ; None        ; -3.477 ns ; REGIN4 ; register-8_with_CLR:R3|register-4_with_CLR:inst2|inst3 ; IR0      ;
; N/A           ; None        ; -3.480 ns ; REGIN4 ; register-8_with_CLR:R1|register-4_with_CLR:inst2|inst3 ; IR0      ;
; N/A           ; None        ; -3.519 ns ; REGIN2 ; register-8_with_CLR:R1|register-4_with_CLR:inst|inst1  ; IR0      ;
; N/A           ; None        ; -3.543 ns ; REGIN4 ; register-8_with_CLR:R2|register-4_with_CLR:inst2|inst3 ; IR0      ;
+---------------+-------------+-----------+--------+--------------------------------------------------------+----------+


+--------------------------+
; Timing Analyzer Messages ;
+--------------------------+
Info: *******************************************************************
Info: Running Quartus II Classic Timing Analyzer
    Info: Version 8.1 Build 163 10/28/2008 SJ Web Edition
    Info: Processing started: Sat Apr 27 13:16:29 2024
Info: Command: quartus_tan --read_settings_files=off --write_settings_files=off register_4x -c register_4x --timing_analysis_only
Warning: Found pins functioning as undefined clocks and/or memory enables
    Info: Assuming node "PC" is an undefined clock
    Info: Assuming node "IR0" is an undefined clock
    Info: Assuming node "CPR" is an undefined clock
    Info: Assuming node "IR1" is an undefined clock
    Info: Assuming node "CPACC" is an undefined clock
Warning: Found 5 node(s) in clock paths which may be acting as ripple and/or gated clocks -- node(s) analyzed as buffer(s) resulting in clock skew
    Info: Detected gated clock "inst9" as buffer
    Info: Detected gated clock "inst10~2" as buffer
    Info: Detected gated clock "inst5" as buffer
    Info: Detected gated clock "inst7" as buffer
    Info: Detected gated clock "inst8" as buffer
Info: No valid register-to-register data paths exist for clock "PC"
Info: No valid register-to-register data paths exist for clock "IR0"
Info: No valid register-to-register data paths exist for clock "CPR"
Info: No valid register-to-register data paths exist for clock "IR1"
Info: No valid register-to-register data paths exist for clock "CPACC"
Info: tsu for register "register-8_with_CLR:R2|register-4_with_CLR:inst2|inst3" (data pin = "REGIN4", clock pin = "IR0") is 3.809 ns
    Info: + Longest pin to register delay is 8.296 ns
        Info: 1: + IC(0.000 ns) + CELL(0.964 ns) = 0.964 ns; Loc. = PIN_168; Fanout = 4; PIN Node = 'REGIN4'
        Info: 2: + IC(6.872 ns) + CELL(0.460 ns) = 8.296 ns; Loc. = LCFF_X28_Y2_N21; Fanout = 1; REG Node = 'register-8_with_CLR:R2|register-4_with_CLR:inst2|inst3'
        Info: Total cell delay = 1.424 ns ( 17.16 % )
        Info: Total interconnect delay = 6.872 ns ( 82.84 % )
    Info: + Micro setup delay of destination is -0.040 ns
    Info: - Shortest clock path from clock "IR0" to destination register is 4.447 ns
        Info: 1: + IC(0.000 ns) + CELL(1.150 ns) = 1.150 ns; Loc. = PIN_130; Fanout = 4; CLK Node = 'IR0'
        Info: 2: + IC(0.598 ns) + CELL(0.370 ns) = 2.118 ns; Loc. = LCCOMB_X33_Y10_N16; Fanout = 1; COMB Node = 'inst8'
        Info: 3: + IC(0.737 ns) + CELL(0.000 ns) = 2.855 ns; Loc. = CLKCTRL_G5; Fanout = 8; COMB Node = 'inst8~clkctrl'
        Info: 4: + IC(0.926 ns) + CELL(0.666 ns) = 4.447 ns; Loc. = LCFF_X28_Y2_N21; Fanout = 1; REG Node = 'register-8_with_CLR:R2|register-4_with_CLR:inst2|inst3'
        Info: Total cell delay = 2.186 ns ( 49.16 % )
        Info: Total interconnect delay = 2.261 ns ( 50.84 % )
Info: tco from clock "IR1" to destination pin "REGQ1_3" through register "register-8_with_CLR:R1|register-4_with_CLR:inst|inst" is 14.949 ns
    Info: + Longest clock path from clock "IR1" to source register is 5.258 ns
        Info: 1: + IC(0.000 ns) + CELL(0.985 ns) = 0.985 ns; Loc. = PIN_135; Fanout = 4; CLK Node = 'IR1'
        Info: 2: + IC(1.440 ns) + CELL(0.499 ns) = 2.924 ns; Loc. = LCCOMB_X33_Y10_N0; Fanout = 1; COMB Node = 'inst9'
        Info: 3: + IC(0.737 ns) + CELL(0.000 ns) = 3.661 ns; Loc. = CLKCTRL_G7; Fanout = 8; COMB Node = 'inst9~clkctrl'
        Info: 4: + IC(0.931 ns) + CELL(0.666 ns) = 5.258 ns; Loc. = LCFF_X32_Y2_N27; Fanout = 1; REG Node = 'register-8_with_CLR:R1|register-4_with_CLR:inst|inst'
        Info: Total cell delay = 2.150 ns ( 40.89 % )
        Info: Total interconnect delay = 3.108 ns ( 59.11 % )
    Info: + Micro clock to output delay of source is 0.304 ns
    Info: + Longest register to pin delay is 9.387 ns
        Info: 1: + IC(0.000 ns) + CELL(0.000 ns) = 0.000 ns; Loc. = LCFF_X32_Y2_N27; Fanout = 1; REG Node = 'register-8_with_CLR:R1|register-4_with_CLR:inst|inst'
        Info: 2: + IC(0.431 ns) + CELL(0.206 ns) = 0.637 ns; Loc. = LCCOMB_X32_Y2_N8; Fanout = 1; COMB Node = 'mux4-8:inst6|inst8~42'
        Info: 3: + IC(1.025 ns) + CELL(0.651 ns) = 2.313 ns; Loc. = LCCOMB_X28_Y2_N2; Fanout = 1; COMB Node = 'mux4-8:inst6|inst8~43'
        Info: 4: + IC(3.978 ns) + CELL(3.096 ns) = 9.387 ns; Loc. = PIN_35; Fanout = 0; PIN Node = 'REGQ1_3'
        Info: Total cell delay = 3.953 ns ( 42.11 % )
        Info: Total interconnect delay = 5.434 ns ( 57.89 % )
Info: Longest tpd from source pin "OUT_IR1" to destination pin "REGQ1_3" is 16.916 ns
    Info: 1: + IC(0.000 ns) + CELL(0.974 ns) = 0.974 ns; Loc. = PIN_81; Fanout = 11; PIN Node = 'OUT_IR1'
    Info: 2: + IC(6.568 ns) + CELL(0.624 ns) = 8.166 ns; Loc. = LCCOMB_X32_Y2_N8; Fanout = 1; COMB Node = 'mux4-8:inst6|inst8~42'
    Info: 3: + IC(1.025 ns) + CELL(0.651 ns) = 9.842 ns; Loc. = LCCOMB_X28_Y2_N2; Fanout = 1; COMB Node = 'mux4-8:inst6|inst8~43'
    Info: 4: + IC(3.978 ns) + CELL(3.096 ns) = 16.916 ns; Loc. = PIN_35; Fanout = 0; PIN Node = 'REGQ1_3'
    Info: Total cell delay = 5.345 ns ( 31.60 % )
    Info: Total interconnect delay = 11.571 ns ( 68.40 % )
Info: th for register "register-8_with_CLR:R0|register-4_with_CLR:inst|inst2" (data pin = "REGIN1", clock pin = "PC") is -0.995 ns
    Info: + Longest clock path from clock "PC" to destination register is 5.619 ns
        Info: 1: + IC(0.000 ns) + CELL(0.985 ns) = 0.985 ns; Loc. = PIN_134; Fanout = 4; CLK Node = 'PC'
        Info: 2: + IC(1.424 ns) + CELL(0.206 ns) = 2.615 ns; Loc. = LCCOMB_X33_Y10_N4; Fanout = 1; COMB Node = 'inst10~2'
        Info: 3: + IC(0.361 ns) + CELL(0.370 ns) = 3.346 ns; Loc. = LCCOMB_X33_Y10_N6; Fanout = 1; COMB Node = 'inst5'
        Info: 4: + IC(0.687 ns) + CELL(0.000 ns) = 4.033 ns; Loc. = CLKCTRL_G6; Fanout = 8; COMB Node = 'inst5~clkctrl'
        Info: 5: + IC(0.920 ns) + CELL(0.666 ns) = 5.619 ns; Loc. = LCFF_X2_Y3_N29; Fanout = 2; REG Node = 'register-8_with_CLR:R0|register-4_with_CLR:inst|inst2'
        Info: Total cell delay = 2.227 ns ( 39.63 % )
        Info: Total interconnect delay = 3.392 ns ( 60.37 % )
    Info: + Micro hold delay of destination is 0.306 ns
    Info: - Shortest pin to register delay is 6.920 ns
        Info: 1: + IC(0.000 ns) + CELL(0.995 ns) = 0.995 ns; Loc. = PIN_44; Fanout = 4; PIN Node = 'REGIN1'
        Info: 2: + IC(5.611 ns) + CELL(0.206 ns) = 6.812 ns; Loc. = LCCOMB_X2_Y3_N28; Fanout = 1; COMB Node = 'register-8_with_CLR:R0|register-4_with_CLR:inst|inst2~feeder'
        Info: 3: + IC(0.000 ns) + CELL(0.108 ns) = 6.920 ns; Loc. = LCFF_X2_Y3_N29; Fanout = 2; REG Node = 'register-8_with_CLR:R0|register-4_with_CLR:inst|inst2'
        Info: Total cell delay = 1.309 ns ( 18.92 % )
        Info: Total interconnect delay = 5.611 ns ( 81.08 % )
Info: Quartus II Classic Timing Analyzer was successful. 0 errors, 2 warnings
    Info: Peak virtual memory: 183 megabytes
    Info: Processing ended: Sat Apr 27 13:16:29 2024
    Info: Elapsed time: 00:00:00
    Info: Total CPU time (on all processors): 00:00:00


