--------------------------------------------------------------------------------------
Timing Analyzer Summary
--------------------------------------------------------------------------------------

Type           : Worst-case tsu
Slack          : N/A
Required Time  : None
Actual Time    : 10.243 ns
From           : S2
To             : register-8_with_CLR:inst10|register-4_with_CLR:inst2|inst
From Clock     : --
To Clock       : CPR2
Failed Paths   : 0

Type           : Worst-case tco
Slack          : N/A
Required Time  : None
Actual Time    : 23.984 ns
From           : register-8_with_CLR:inst5|register-4_with_CLR:inst|inst
To             : up8
From Clock     : CLK
To Clock       : --
Failed Paths   : 0

Type           : Worst-case tpd
Slack          : N/A
Required Time  : None
Actual Time    : 23.899 ns
From           : S2
To             : up8
From Clock     : --
To Clock       : --
Failed Paths   : 0

Type           : Worst-case th
Slack          : N/A
Required Time  : None
Actual Time    : 0.514 ns
From           : u7
To             : register-8_with_CLR:inst5|register-4_with_CLR:inst2|inst
From Clock     : --
To Clock       : CLK
Failed Paths   : 0

Type           : Clock Setup: 'CLK'
Slack          : N/A
Required Time  : None
Actual Time    : 115.02 MHz ( period = 8.694 ns )
From           : register-8_with_CLR:inst5|register-4_with_CLR:inst|inst
To             : register-8_with_CLR:inst10|register-4_with_CLR:inst2|inst
From Clock     : CLK
To Clock       : CLK
Failed Paths   : 0

Type           : Total number of failed paths
Slack          : 
Required Time  : 
Actual Time    : 
From           : 
To             : 
From Clock     : 
To Clock       : 
Failed Paths   : 0

--------------------------------------------------------------------------------------

